SQL> rem cifras de control
SQL> select 'Total tuplas entidad COURSE' COURSE, count (*) TUPLAS
  2  	     from course;
	from course
	     *
ERROR at line 2:
ORA-00942: table or view does not exist 


SQL> select 'Total tuplas entidad ENROLLMENT' ENROLLMENT, count (*) TUPLAS
  2  	     from ENROLLMENT;
	from ENROLLMENT
	     *
ERROR at line 2:
ORA-00942: table or view does not exist 


SQL> select 'Total tuplas entidad GRADE' GRADE, Count (*) TUPLAS
  2  	     from GRADE;
	from GRADE
	     *
ERROR at line 2:
ORA-00942: table or view does not exist 


SQL> select 'Total tuplas entidad GRADE_CONVERSION' GRADE_CONVERSION, count (*) TUPLAS
  2  	     from GRADE_CONVERSION;
	from GRADE_CONVERSION
	     *
ERROR at line 2:
ORA-00942: table or view does not exist 


SQL> select 'Total tuplas entidad GRADE_TYPE' GRADE_TYPE, count (*) TUPLAS
  2  	     from GRADE_TYPE;
	from GRADE_TYPE
	     *
ERROR at line 2:
ORA-00942: table or view does not exist 


SQL> select 'Total tuplas entidad GRADE_TYPE_WEIGHT' GRADE_TYPE_WEIGHT, count (*) TUPLAS
  2  	     from GRADE_TYPE_WEIGHT;
	from GRADE_TYPE_WEIGHT
	     *
ERROR at line 2:
ORA-00942: table or view does not exist 


SQL> select 'Total tuplas entidad INSTRUCTOR' INSTRUCTOR, count (*) TUPLAS
  2  	     from INSTRUCTOR;
	from INSTRUCTOR
	     *
ERROR at line 2:
ORA-00942: table or view does not exist 


SQL> select 'Total tuplas entidad SECTION' SECTION, count (*) TUPLAS
  2  	     from SECTION;
	from SECTION
	     *
ERROR at line 2:
ORA-00942: table or view does not exist 


SQL> select 'Total tuplas entidad STUDENT' STUDENT, count (*) TUPLAS
  2  	     from STUDENT;
	from STUDENT
	     *
ERROR at line 2:
ORA-00942: table or view does not exist 


SQL> select 'Total tuplas entidad ZIPCODE' ZIPCODE, count (*) TUPLAS
  2  	     from ZIPCODE;
	from ZIPCODE
	     *
ERROR at line 2:
ORA-00942: table or view does not exist 


SQL> spool off
