SQL> CREATE OR REPLACE PACKAGE manage_students
  2  AS
  3  PROCEDURE find_sname
  4  	(i_student_id IN student.student_id%TYPE,
  5  	 o_first_name OUT student.first_name%TYPE,
  6  	 o_last_name OUT student.last_name%TYPE
  7  	);
  8  FUNCTION id_is_good
  9   (i_student_id IN student.student_id%TYPE)
 10   RETURN BOOLEAN;
 11  END manage_students;
 12  
 13  .
SQL> /

Paquete creado.

SQL> DECLARE
  2  	v_first_name student.first_name%TYPE;
  3  	v_last_name student.last_name%TYPE;
  4  BEGIN
  5  	manage_students.find_sname (125, v_first_name, v_last_name);
  6  	DBMS_OUTPUT.PUT_LINE(v_first_name||' '||v_last_name);
  7  END;
  8  .
SQL> /
DECLARE
*
ERROR en línea 1:
ORA-04067: package body "STUDENT.MANAGE_STUDENTS" no se ha ejecutado porque no existe 
ORA-06508: PL/SQL: no se ha encontrado la unidad de programa llamada : "STUDENT.MANAGE_STUDENTS" 
ORA-06512: en línea 5 


SQL> CREATE OR REPLACE PACKAGE BODY manage_students
  2  AS
  3  	PROCEDURE find_sname
  4  		 (i_student_id IN student.student_id%TYPE,
  5  		 o_first_name OUT student.first_name%TYPE,
  6  		 o_last_name OUT student.last_name%TYPE
  7  		 )
  8  	IS
  9  		v_student_id student.student_id%TYPE;
 10  	 	BEGIN
 11  
 12  	 	SELECT first_name, last_name
 13  	 		INTO o_first_name, o_last_name
 14  			 FROM student
 15  			 WHERE student_id = i_student_id;
 16   	EXCEPTION
 17  		 WHEN OTHERS THEN
 18  	DBMS_OUTPUT.PUT_LINE ('Error in finding student_id: '||v_student_id);
 19  	END find_sname;
 20  
 21  	FUNCTION id_is_good
 22  		(i_student_id IN student.student_id%TYPE)
 23  		RETURN BOOLEAN
 24  	 IS
 25  		 v_id_cnt number;
 26  	BEGIN
 27   		SELECT COUNT(*)
 28  			 INTO v_id_cnt
 29  			 FROM student
 30  			 WHERE student_id = i_student_id;
 31  		 RETURN 1 = v_id_cnt;
 32  	EXCEPTION
 33  		 WHEN OTHERS
 34  		 THEN
 35   	RETURN FALSE;
 36   	END id_is_good;
 37  
 38  
 39  END manage_students;
 40  .
SQL> /

Cuerpo del paquete creado.

SQL> DECLARE
  2  	v_first_name student.first_name%TYPE;
  3  	v_last_name student.last_name%TYPE;
  4  BEGIN
  5  	IF manage_students.id_is_good(&&v_id) THEN
  6  		manage_students.find_sname(&&v_id, v_first_name, v_last_name);
  7  		DBMS_OUTPUT.PUT_LINE('Student No. '||&&v_id||' is ' ||v_last_name||', '||v_first_name);
  8  	ELSE
  9  		DBMS_OUTPUT.PUT_LINE('Student ID: '||&&v_id||' is not in the database.');
 10  	END IF;
 11  END;
 12  .
SQL> /
Introduzca un valor para v_id: 145
antiguo   5: 	IF manage_students.id_is_good(&&v_id) THEN
nuevo   5: 	IF manage_students.id_is_good(145) THEN
antiguo   6: 		manage_students.find_sname(&&v_id, v_first_name, v_last_name);
nuevo   6: 		manage_students.find_sname(145, v_first_name, v_last_name);
antiguo   7: 		DBMS_OUTPUT.PUT_LINE('Student No. '||&&v_id||' is ' ||v_last_name||', '||v_first_name);
nuevo   7: 		DBMS_OUTPUT.PUT_LINE('Student No. '||145||' is ' ||v_last_name||', '||v_first_name);
antiguo   9: 		DBMS_OUTPUT.PUT_LINE('Student ID: '||&&v_id||' is not in the database.');
nuevo   9: 		DBMS_OUTPUT.PUT_LINE('Student ID: '||145||' is not in the database.');
Student No. 145 is Lefkowitz, Paul                                                                                                                    

Procedimiento PL/SQL terminado correctamente.

SQL> 
SQL> spool OFF;
