SQL> 
SQL> set pagesize 99
SQL> set linesize 130
SQL> set colsep '|=|'
SQL> set feedback on
SQL>  SET NULL 'NADA'
SQL> 
SQL>  rem titulo
SQL>  TTITLE COL 28  '===>  E  S  C  O  M' SKIP 1 -
> COL 28  '====================' SKIP 1    -
> COL 5 LEFT 'Ejercicios Clase'      COL 28 '===================='  COL 65  'Distributed DB' skip 1  -
> COL 5 '====================================================' SKIP 2
SQL> 
SQL> 
SQL> REM PROPUESTA UTILIZAR UNA SEQUENCIA PARA LAS MATRICULAS
SQL> 
SQL> 
SQL> drop sequence id_alumno_sq;

Sequence dropped.

SQL> create sequence id_alumno_sq
  2  increment by 1
  3  start with 1000
  4  minvalue 1000
  5  maxvalue 1000000;

Sequence created.

SQL> 
SQL> select id_alumno_sq.NEXTVAL from dual;

                           ===>  E  S  C  O  M                                                                                    
                           ====================                                                                                   
Ejercicios Clase           ====================                 Distributed DB                                                    
    ====================================================                                                                          
                                                                                                                                  
NEXTVAL                                                                                                                           
=======                                                                                                                           
   1000                                                                                                                           

1 row selected.

SQL> select id_alumno_sq.CURRVAL from dual;

                           ===>  E  S  C  O  M                                                                                    
                           ====================                                                                                   
Ejercicios Clase           ====================                 Distributed DB                                                    
    ====================================================                                                                          
                                                                                                                                  
CURRVAL                                                                                                                           
=======                                                                                                                           
   1000                                                                                                                           

1 row selected.

SQL> 
SQL> ----------------------------
SQL> REM PARA UTLIZAR EL MODELO QUE SIGUE PARA GENERAR DATOS}
SQL> 
SQL> /*
SQL> 
SQL>  insert into alumnos_ESIAZ
SQL> 
SQL>  select id_alumno_sq.NEXTVAL,'ESIAZ',SYSDATE
SQL> FROM DUAL CONNECT BY LEVEL < 20;
SQL> 
SQL>  select level,'ESIAZ',SYSDATE
SQL> FROM DUAL CONNECT BY LEVEL < 20;
SQL> 
SQL> */
SQL> 
SQL> 
SQL> 
SQL> REM  CONSULTAR LOS DIRECTORIOS
SQL> REM
SQL> select * from dba_directories;

                           ===>  E  S  C  O  M                                                                                    
                           ====================                                                                                   
Ejercicios Clase           ====================                 Distributed DB                                                    
    ====================================================                                                                          
                                                                                                                                  
OWNER     |=|DIRECTORY_NAME           |=|DIRECTORY_PATH                                                                           
==========|=|=========================|=|=================================================================                        
SYS       |=|ORACLECLRDIR             |=|C:\oraclexe\app\oracle\product\11.2.0\server\bin\clr                                     
SYS       |=|DATA_PUMP_DIR            |=|C:\oraclexe\app\oracle\admin\xe\dpdump\                                                  
SYS       |=|XMLDIR                   |=|C:\oraclexe\app\oracle\product\11.2.0\server\rdbms\xml                                   
SYS       |=|ORACLE_OCM_CONFIG_DIR    |=|C:/ADE/jaikrish_xe/oracle\ccr\state                                                      

4 rows selected.

SQL> desc dba_directories
 Name                                                                    Null?    Type
 ----------------------------------------------------------------------- -------- ------------------------------------------------
 OWNER                                                                   NOT NULL VARCHAR2(30)
 DIRECTORY_NAME                                                          NOT NULL VARCHAR2(30)
 DIRECTORY_PATH                                                                   VARCHAR2(4000)

SQL> column owner format a10
SQL> column directory_name format a25
SQL> column directory_path format a65
SQL> select owner, directory_name, directory_path
  2  from dba_directories;

                           ===>  E  S  C  O  M                                                                                    
                           ====================                                                                                   
Ejercicios Clase           ====================                 Distributed DB                                                    
    ====================================================                                                                          
                                                                                                                                  
OWNER     |=|DIRECTORY_NAME           |=|DIRECTORY_PATH                                                                           
==========|=|=========================|=|=================================================================                        
SYS       |=|ORACLECLRDIR             |=|C:\oraclexe\app\oracle\product\11.2.0\server\bin\clr                                     
SYS       |=|DATA_PUMP_DIR            |=|C:\oraclexe\app\oracle\admin\xe\dpdump\                                                  
SYS       |=|XMLDIR                   |=|C:\oraclexe\app\oracle\product\11.2.0\server\rdbms\xml                                   
SYS       |=|ORACLE_OCM_CONFIG_DIR    |=|C:/ADE/jaikrish_xe/oracle\ccr\state                                                      

4 rows selected.

SQL> 
SQL> REM CONSULTAR LOS TABLESPACE
SQL> /*
SQL> DROP TABLESPACE TBS_ESIME
SQL>     INCLUDING CONTENTS
SQL>         CASCADE CONSTRAINTS;
SQL> DROP TABLESPACE TBS_ESIME
SQL>    INCLUDING CONTENTS AND DATAFILES;
SQL> 
SQL> 
SQL> 
SQL> */
SQL> DESC DBA_TABLESPACES
 Name                                                                    Null?    Type
 ----------------------------------------------------------------------- -------- ------------------------------------------------
 TABLESPACE_NAME                                                         NOT NULL VARCHAR2(30)
 BLOCK_SIZE                                                              NOT NULL NUMBER
 INITIAL_EXTENT                                                                   NUMBER
 NEXT_EXTENT                                                                      NUMBER
 MIN_EXTENTS                                                             NOT NULL NUMBER
 MAX_EXTENTS                                                                      NUMBER
 MAX_SIZE                                                                         NUMBER
 PCT_INCREASE                                                                     NUMBER
 MIN_EXTLEN                                                                       NUMBER
 STATUS                                                                           VARCHAR2(9)
 CONTENTS                                                                         VARCHAR2(9)
 LOGGING                                                                          VARCHAR2(9)
 FORCE_LOGGING                                                                    VARCHAR2(3)
 EXTENT_MANAGEMENT                                                                VARCHAR2(10)
 ALLOCATION_TYPE                                                                  VARCHAR2(9)
 PLUGGED_IN                                                                       VARCHAR2(3)
 SEGMENT_SPACE_MANAGEMENT                                                         VARCHAR2(6)
 DEF_TAB_COMPRESSION                                                              VARCHAR2(8)
 RETENTION                                                                        VARCHAR2(11)
 BIGFILE                                                                          VARCHAR2(3)
 PREDICATE_EVALUATION                                                             VARCHAR2(7)
 ENCRYPTED                                                                        VARCHAR2(3)
 COMPRESS_FOR                                                                     VARCHAR2(12)

SQL> 
SQL> 
SQL> REM CONSULTA LOS TABLESPACES
SQL> select tablespace_name, initial_extent,
  2  max_extents,max_size/1024/1024 MEGAS
  3  from dba_tablespaces;

                           ===>  E  S  C  O  M                                                                                    
                           ====================                                                                                   
Ejercicios Clase           ====================                 Distributed DB                                                    
    ====================================================                                                                          
                                                                                                                                  
TABLESPACE|=|INITIAL_EXTENT|=|MAX_EXTENTS|=|  MEGAS                                                                               
==========|=|==============|=|===========|=|=======                                                                               
SYSTEM    |=|         65536|=|    2.1E+09|=|   2048                                                                               
SYSAUX    |=|         65536|=|    2.1E+09|=|   2048                                                                               
UNDOTBS1  |=|         65536|=|    2.1E+09|=|   2048                                                                               
TEMP      |=|       1048576|=|NADA       |=|   2048                                                                               
USERS     |=|         65536|=|    2.1E+09|=|   2048                                                                               

5 rows selected.

SQL> 
SQL> 
SQL> 
SQL> desc dba_tablespaces
 Name                                                                    Null?    Type
 ----------------------------------------------------------------------- -------- ------------------------------------------------
 TABLESPACE_NAME                                                         NOT NULL VARCHAR2(30)
 BLOCK_SIZE                                                              NOT NULL NUMBER
 INITIAL_EXTENT                                                                   NUMBER
 NEXT_EXTENT                                                                      NUMBER
 MIN_EXTENTS                                                             NOT NULL NUMBER
 MAX_EXTENTS                                                                      NUMBER
 MAX_SIZE                                                                         NUMBER
 PCT_INCREASE                                                                     NUMBER
 MIN_EXTLEN                                                                       NUMBER
 STATUS                                                                           VARCHAR2(9)
 CONTENTS                                                                         VARCHAR2(9)
 LOGGING                                                                          VARCHAR2(9)
 FORCE_LOGGING                                                                    VARCHAR2(3)
 EXTENT_MANAGEMENT                                                                VARCHAR2(10)
 ALLOCATION_TYPE                                                                  VARCHAR2(9)
 PLUGGED_IN                                                                       VARCHAR2(3)
 SEGMENT_SPACE_MANAGEMENT                                                         VARCHAR2(6)
 DEF_TAB_COMPRESSION                                                              VARCHAR2(8)
 RETENTION                                                                        VARCHAR2(11)
 BIGFILE                                                                          VARCHAR2(3)
 PREDICATE_EVALUATION                                                             VARCHAR2(7)
 ENCRYPTED                                                                        VARCHAR2(3)
 COMPRESS_FOR                                                                     VARCHAR2(12)

SQL> select tablespace_name, initial_extent,
  2  max_extents,max_size
  3  from dba_tablespaces;

                           ===>  E  S  C  O  M                                                                                    
                           ====================                                                                                   
Ejercicios Clase           ====================                 Distributed DB                                                    
    ====================================================                                                                          
                                                                                                                                  
TABLESPACE|=|INITIAL_EXTENT|=|MAX_EXTENTS|=|MAX_SIZE                                                                              
==========|=|==============|=|===========|=|========                                                                              
SYSTEM    |=|         65536|=|    2.1E+09|=| 2.1E+09                                                                              
SYSAUX    |=|         65536|=|    2.1E+09|=| 2.1E+09                                                                              
UNDOTBS1  |=|         65536|=|    2.1E+09|=| 2.1E+09                                                                              
TEMP      |=|       1048576|=|NADA       |=| 2.1E+09                                                                              
USERS     |=|         65536|=|    2.1E+09|=| 2.1E+09                                                                              

5 rows selected.

SQL> 
SQL> REM ELIMINEMOS LOS TABLESPACES
SQL> DROP TABLESPACE TBS_ESIME
  2     INCLUDING CONTENTS AND DATAFILES;
DROP TABLESPACE TBS_ESIME
*
ERROR at line 1:
ORA-00959: tablespace 'TBS_ESIME' does not exist 


SQL> 
SQL> DROP TABLESPACE TBS_ESCOM
  2     INCLUDING CONTENTS AND DATAFILES;
DROP TABLESPACE TBS_ESCOM
*
ERROR at line 1:
ORA-00959: tablespace 'TBS_ESCOM' does not exist 


SQL> 
SQL> DROP TABLESPACE TBS_ESIAT
  2     INCLUDING CONTENTS AND DATAFILES;
DROP TABLESPACE TBS_ESIAT
*
ERROR at line 1:
ORA-00959: tablespace 'TBS_ESIAT' does not exist 


SQL> 
SQL> DROP TABLESPACE TBS_ESIAZ
  2     INCLUDING CONTENTS AND DATAFILES;
DROP TABLESPACE TBS_ESIAZ
*
ERROR at line 1:
ORA-00959: tablespace 'TBS_ESIAZ' does not exist 


SQL> 
SQL> 
SQL> REM
SQL> REM  CREAR LOS TABLESPACES CON USUARIO SYS
SQL> REM
SQL> CREATE TABLESPACE TBS_ESIME
  2  DATAFILE 'C:\Users\ORA_bases\ALUMNOS_ESIME.BDF'
  3  SIZE 2G;
CREATE TABLESPACE TBS_ESIME
*
ERROR at line 1:
ORA-01119: error in creating database file 'C:\Users\ORA_bases\ALUMNOS_ESIME.BDF' 
ORA-27040: file create error, unable to create file 
OSD-04002: unable to open file 
O/S-Error: (OS 3) El sistema no puede encontrar la ruta especificada. 


SQL> CREATE TABLESPACE TBS_ESCOM
  2  DATAFILE 'C:\Users\ORA_bases\ALUMNOS_ESCOM.BDF'
  3  SIZE 2G;
CREATE TABLESPACE TBS_ESCOM
*
ERROR at line 1:
ORA-01119: error in creating database file 'C:\Users\ORA_bases\ALUMNOS_ESCOM.BDF' 
ORA-27040: file create error, unable to create file 
OSD-04002: unable to open file 
O/S-Error: (OS 3) El sistema no puede encontrar la ruta especificada. 


SQL> CREATE TABLESPACE TBS_ESIAT
  2  DATAFILE 'C:\Users\ORA_bases\ALUMNOS_ESIAT.BDF'
  3  SIZE 2G;
CREATE TABLESPACE TBS_ESIAT
*
ERROR at line 1:
ORA-01119: error in creating database file 'C:\Users\ORA_bases\ALUMNOS_ESIAT.BDF' 
ORA-27040: file create error, unable to create file 
OSD-04002: unable to open file 
O/S-Error: (OS 3) El sistema no puede encontrar la ruta especificada. 


SQL> CREATE TABLESPACE TBS_ESIAZ
  2  DATAFILE 'C:\Users\ORA_bases\ALUMNOS_ESIAZ.BDF'
  3  SIZE 2G;
CREATE TABLESPACE TBS_ESIAZ
*
ERROR at line 1:
ORA-01119: error in creating database file 'C:\Users\ORA_bases\ALUMNOS_ESIAZ.BDF' 
ORA-27040: file create error, unable to create file 
OSD-04002: unable to open file 
O/S-Error: (OS 3) El sistema no puede encontrar la ruta especificada. 


SQL> 
SQL> REM CONSULTAR LOS TABLESPACES
SQL> 
SQL> select tablespace_name, initial_extent,
  2  max_extents,max_size/1024/1024 MEGAS
  3  from dba_tablespaces;

                           ===>  E  S  C  O  M                                                                                    
                           ====================                                                                                   
Ejercicios Clase           ====================                 Distributed DB                                                    
    ====================================================                                                                          
                                                                                                                                  
TABLESPACE|=|INITIAL_EXTENT|=|MAX_EXTENTS|=|  MEGAS                                                                               
==========|=|==============|=|===========|=|=======                                                                               
SYSTEM    |=|         65536|=|    2.1E+09|=|   2048                                                                               
SYSAUX    |=|         65536|=|    2.1E+09|=|   2048                                                                               
UNDOTBS1  |=|         65536|=|    2.1E+09|=|   2048                                                                               
TEMP      |=|       1048576|=|NADA       |=|   2048                                                                               
USERS     |=|         65536|=|    2.1E+09|=|   2048                                                                               

5 rows selected.

SQL> 
SQL>  select * from v$option where parameter = 'Partitioning';

                           ===>  E  S  C  O  M                                                                                    
                           ====================                                                                                   
Ejercicios Clase           ====================                 Distributed DB                                                    
    ====================================================                                                                          
                                                                                                                                  
PARAMETER                                                                                                                         
================================================================                                                                  
VALUE                                                                                                                             
================================================================                                                                  
Partitioning                                                                                                                      
FALSE                                                                                                                             
                                                                                                                                  

1 row selected.

SQL> 
SQL> REM GENERAR UNA TABLA GLOBAL GENERALIZADA CON PARTICIONES
SQL> REM  SE REQUIERE LA EDICION ENTREPRISE
SQL> 
SQL> 
SQL> DROP  TABLE ALUMNOS_IPN;
DROP  TABLE ALUMNOS_IPN
            *
ERROR at line 1:
ORA-00942: table or view does not exist 


SQL> CREATE TABLE ALUMNOS_IPN
  2   (ID_ALUMNO NUMBER(10),
  3   ESCUELA VARCHAR2(6),
  4   FECHA DATE DEFAULT SYSDATE)
  5   PARTITION BY LIST(ESCUELA)
  6  (PARTITION ESIME VALUES('ESIME') TABLESPACE TBS_ESIME,
  7   PARTITION ESCOM VALUES('ESCOM') TABLESPACE TBS_ESIAT,
  8   PARTITION ESIAT VALUES('ESIAT') TABLESPACE TBS_ESIAT,
  9   PARTITION ESIAZ VALUES('ESIAZ') TABLESPACE TBS_ESIAZ);
CREATE TABLE ALUMNOS_IPN
*
ERROR at line 1:
ORA-00439: feature not enabled: Partitioning 


SQL> 
SQL>  REM SI TUVIERAMOS HABILITADA LA OPCION EL EXPRESS EDITION
SQL>  REM EJECUTARLO EN ENTERPRISE EDITION
SQL>  REM   POR LO TANTO
SQL>  --
SQL>  REM LO EJECUTAREMOS EN TABLAS REGULARES INDIVIDUALES
SQL>  REM CREANDO UNA TABLA PARA CADA ESCUELA.
SQL>  REM   ALUMNOS DE    ESIME
SQL>  DROP  TABLE ALUMNOS_ESIME;
 DROP  TABLE ALUMNOS_ESIME
             *
ERROR at line 1:
ORA-00942: table or view does not exist 


SQL> CREATE TABLE ALUMNOS_ESIME
  2   (ID_ALUMNO NUMBER(10),
  3   ESCUELA VARCHAR2(6),
  4   FECHA DATE DEFAULT SYSDATE) TABLESPACE TBS_ESIME;
 FECHA DATE DEFAULT SYSDATE) TABLESPACE TBS_ESIME
                                        *
ERROR at line 4:
ORA-00959: tablespace 'TBS_ESIME' does not exist 


SQL> 
SQL>  insert into alumnos_ESIME
  2   select level,'ESIME',SYSDATE
  3  FROM DUAL CONNECT BY LEVEL < 20;
 insert into alumnos_ESIME
             *
ERROR at line 1:
ORA-00942: table or view does not exist 


SQL> 
SQL>  insert into alumnos_ESIME
  2   select id_alumno_sq.NEXTVAL,'ESIME',SYSDATE
  3  FROM DUAL CONNECT BY LEVEL < 20;
 insert into alumnos_ESIME
             *
ERROR at line 1:
ORA-00942: table or view does not exist 


SQL> 
SQL> SELECT * FROM ALUMNOS_ESIME;
SELECT * FROM ALUMNOS_ESIME
              *
ERROR at line 1:
ORA-00942: table or view does not exist 


SQL> --------------------------------------------
SQL>  REM   ALUMNOS DE    ESCOM
SQL>  DROP  TABLE ALUMNOS_ESCOM;
 DROP  TABLE ALUMNOS_ESCOM
             *
ERROR at line 1:
ORA-00942: table or view does not exist 


SQL> CREATE TABLE ALUMNOS_ESCOM
  2   (ID_ALUMNO NUMBER(10),
  3   ESCUELA VARCHAR2(6),
  4   FECHA DATE DEFAULT SYSDATE) TABLESPACE TBS_ESCOM;
 FECHA DATE DEFAULT SYSDATE) TABLESPACE TBS_ESCOM
                                        *
ERROR at line 4:
ORA-00959: tablespace 'TBS_ESCOM' does not exist 


SQL> 
SQL>  insert into alumnos_ESCOM
  2   select id_alumno_sq.NEXTVAL,'ESCOM',SYSDATE
  3  FROM DUAL CONNECT BY LEVEL < 20;
 insert into alumnos_ESCOM
             *
ERROR at line 1:
ORA-00942: table or view does not exist 


SQL> 
SQL> SELECT * FROM ALUMNOS_ESCOM;
SELECT * FROM ALUMNOS_ESCOM
              *
ERROR at line 1:
ORA-00942: table or view does not exist 


SQL> 
SQL> -- -----------------------------------------------
SQL>  REM   ALUMNOS DE    ESIAT
SQL>  DROP  TABLE ALUMNOS_ESIAT;
 DROP  TABLE ALUMNOS_ESIAT
             *
ERROR at line 1:
ORA-00942: table or view does not exist 


SQL> CREATE TABLE ALUMNOS_ESIAT
  2   (ID_ALUMNO NUMBER(10),
  3   ESCUELA VARCHAR2(6),
  4   FECHA DATE DEFAULT SYSDATE) TABLESPACE TBS_ESIAT;
 FECHA DATE DEFAULT SYSDATE) TABLESPACE TBS_ESIAT
                                        *
ERROR at line 4:
ORA-00959: tablespace 'TBS_ESIAT' does not exist 


SQL> 
SQL>  insert into alumnos_ESIAT
  2   select id_alumno_sq.NEXTVAL,'ESIAT',SYSDATE
  3  FROM DUAL CONNECT BY LEVEL < 20;
 insert into alumnos_ESIAT
             *
ERROR at line 1:
ORA-00942: table or view does not exist 


SQL> 
SQL> SELECT * FROM ALUMNOS_ESIAT;
SELECT * FROM ALUMNOS_ESIAT
              *
ERROR at line 1:
ORA-00942: table or view does not exist 


SQL> 
SQL> --   -----------------------------------------------
SQL>  REM   ALUMNOS DE    ESIAZ
SQL>  DROP  TABLE ALUMNOS_ESIAZ;
 DROP  TABLE ALUMNOS_ESIAZ
             *
ERROR at line 1:
ORA-00942: table or view does not exist 


SQL> CREATE TABLE ALUMNOS_ESIAZ
  2   (ID_ALUMNO NUMBER(10),
  3   ESCUELA VARCHAR2(6),
  4   FECHA DATE DEFAULT SYSDATE) TABLESPACE TBS_ESIAZ;
 FECHA DATE DEFAULT SYSDATE) TABLESPACE TBS_ESIAZ
                                        *
ERROR at line 4:
ORA-00959: tablespace 'TBS_ESIAZ' does not exist 


SQL> 
SQL>  insert into alumnos_ESIAZ
  2   select id_alumno_sq.NEXTVAL,'ESIAZ',SYSDATE
  3  FROM DUAL CONNECT BY LEVEL < 20;
 insert into alumnos_ESIAZ
             *
ERROR at line 1:
ORA-00942: table or view does not exist 


SQL> 
SQL> SELECT * FROM ALUMNOS_ESIAZ;
SELECT * FROM ALUMNOS_ESIAZ
              *
ERROR at line 1:
ORA-00942: table or view does not exist 


SQL> 
SQL> -- --------------------------------
SQL> 
SQL> REM CIFRAS DE CONTROL
SQL> 
SQL> SELECT COUNT(*) FROM ALUMNOS_ESIME;
SELECT COUNT(*) FROM ALUMNOS_ESIME
                     *
ERROR at line 1:
ORA-00942: table or view does not exist 


SQL> SELECT COUNT(*) FROM ALUMNOS_ESCOM;
SELECT COUNT(*) FROM ALUMNOS_ESCOM
                     *
ERROR at line 1:
ORA-00942: table or view does not exist 


SQL> SELECT COUNT(*) FROM ALUMNOS_ESIAT;
SELECT COUNT(*) FROM ALUMNOS_ESIAT
                     *
ERROR at line 1:
ORA-00942: table or view does not exist 


SQL> SELECT COUNT(*) FROM ALUMNOS_ESIAZ;
SELECT COUNT(*) FROM ALUMNOS_ESIAZ
                     *
ERROR at line 1:
ORA-00942: table or view does not exist 


SQL> 
SQL> REM ULTIMA MATRICULA GENERADA
SQL> 
SQL> SELECT 'ULTIMA MATRICULA ',id_alumno_sq.CURRVAL FROM DUAL;

                           ===>  E  S  C  O  M                                                                                    
                           ====================                                                                                   
Ejercicios Clase           ====================                 Distributed DB                                                    
    ====================================================                                                                          
                                                                                                                                  
'ULTIMAMATRICULA'|=|CURRVAL                                                                                                       
=================|=|=======                                                                                                       
ULTIMA MATRICULA |=|   1000                                                                                                       

1 row selected.

SQL> rem dame otra matricula
SQL> SELECT 'ULTIMA MATRICULA ',id_alumno_sq.nextval FROM DUAL;

                           ===>  E  S  C  O  M                                                                                    
                           ====================                                                                                   
Ejercicios Clase           ====================                 Distributed DB                                                    
    ====================================================                                                                          
                                                                                                                                  
'ULTIMAMATRICULA'|=|NEXTVAL                                                                                                       
=================|=|=======                                                                                                       
ULTIMA MATRICULA |=|   1001                                                                                                       

1 row selected.

SQL> 
SQL> 
SQL> 
SQL> SELECT COUNT(*) FROM ALUMNOS_ESIAZ;
SELECT COUNT(*) FROM ALUMNOS_ESIAZ
                     *
ERROR at line 1:
ORA-00942: table or view does not exist 


SQL> 
SQL> REM
SQL> REM  AHORA CONSULTEMOS LAS TABLAS DEL DICCIONARIO DE DATOS
SQL> REM
SQL> 
SQL> REM CONNECTADO COMO    sys
SQL> 
SQL> SELECT OWNER,TABLE_NAME, TABLESPACE_NAME,
  2  NUM_ROWS
  3  FROM DBA_TABLES
  4  WHERE OWNER = 'SERGIONAVA';

                           ===>  E  S  C  O  M                                                                                    
                           ====================                                                                                   
Ejercicios Clase           ====================                 Distributed DB                                                    
    ====================================================                                                                          
                                                                                                                                  
OWNER     |=|TABLE_NAME                   |=|TABLESPACE|=|NUM_ROWS                                                                
==========|=|=============================|=|==========|=|========                                                                
SERGIONAVA|=|EMPLOYEE                     |=|USERS     |=|      14                                                                
SERGIONAVA|=|DEPARTMENT                   |=|USERS     |=|       3                                                                
SERGIONAVA|=|DEPT_LOCATIONS               |=|USERS     |=|       5                                                                
SERGIONAVA|=|DEPENDENT                    |=|USERS     |=|       7                                                                
SERGIONAVA|=|WORKS_ON                     |=|USERS     |=|NADA                                                                    
SERGIONAVA|=|PROJECT                      |=|USERS     |=|NADA                                                                    
SERGIONAVA|=|EMP                          |=|USERS     |=|NADA                                                                    
SERGIONAVA|=|ASG                          |=|USERS     |=|NADA                                                                    
SERGIONAVA|=|PROJ                         |=|USERS     |=|NADA                                                                    
SERGIONAVA|=|PAY                          |=|USERS     |=|NADA                                                                    
SERGIONAVA|=|TEMP                         |=|USERS     |=|NADA                                                                    
SERGIONAVA|=|TEMPORAL5                    |=|USERS     |=|NADA                                                                    
SERGIONAVA|=|PROFESSORS                   |=|USERS     |=|NADA                                                                    
SERGIONAVA|=|AUTOS                        |=|USERS     |=|NADA                                                                    
SERGIONAVA|=|MODELO_MARCA                 |=|USERS     |=|NADA                                                                    
SERGIONAVA|=|MODELO_MOTOR                 |=|USERS     |=|NADA                                                                    
SERGIONAVA|=|MODELO_COLOR                 |=|USERS     |=|NADA                                                                    
SERGIONAVA|=|MODELO_COLOR_ADORNOS_TOLDO   |=|USERS     |=|NADA                                                                    
SERGIONAVA|=|MODELO_COLOR_ADORNOS         |=|USERS     |=|NADA                                                                    
SERGIONAVA|=|MODELO_COLOR_TOLDO           |=|USERS     |=|NADA                                                                    

20 rows selected.

SQL> 
SQL> SELECT OWNER,TABLE_NAME, TABLESPACE_NAME,
  2  NUM_ROWS, IOT_NAME
  3  FROM DBA_TABLES
  4  WHERE OWNER = 'SERGIONAVA'
  5  AND TABLE_NAME
  6   IN ('ALUMNOS_ESCOM','ALUMNOS_ESIAT','ALUMNOS_ESIAZ','ALUMNOS_ESIME');

no rows selected

SQL> 
SQL>  select tablespace_name, initial_extent,NEXT_EXTENT,
  2  max_extents,max_size/1024/1024 MEGAS
  3  from dba_tablespaces;

                           ===>  E  S  C  O  M                                                                                    
                           ====================                                                                                   
Ejercicios Clase           ====================                 Distributed DB                                                    
    ====================================================                                                                          
                                                                                                                                  
TABLESPACE|=|INITIAL_EXTENT|=|NEXT_EXTENT|=|MAX_EXTENTS|=|  MEGAS                                                                 
==========|=|==============|=|===========|=|===========|=|=======                                                                 
SYSTEM    |=|         65536|=|NADA       |=|    2.1E+09|=|   2048                                                                 
SYSAUX    |=|         65536|=|NADA       |=|    2.1E+09|=|   2048                                                                 
UNDOTBS1  |=|         65536|=|NADA       |=|    2.1E+09|=|   2048                                                                 
TEMP      |=|       1048576|=|    1048576|=|NADA       |=|   2048                                                                 
USERS     |=|         65536|=|NADA       |=|    2.1E+09|=|   2048                                                                 

5 rows selected.

SQL> 
SQL> SELECT OBJECT_NAME,OBJECT_TYPE
  2  FROM USER_OBJECTS
  3  WHERE OBJECT_NAME LIKE '%ALUMNOS_%';

no rows selected

SQL> 
SQL> 
SQL> 
SQL> SELECT table_name, NVL(num_rows,0) filas
  2  FROM user_tables
  3  ORDER BY NVL(num_rows,0);

                           ===>  E  S  C  O  M                                                                                    
                           ====================                                                                                   
Ejercicios Clase           ====================                 Distributed DB                                                    
    ====================================================                                                                          
                                                                                                                                  
TABLE_NAME                   |=|  FILAS                                                                                           
=============================|=|=======                                                                                           
VIEWTRCOL$                   |=|      0                                                                                           
ASSEMBLY$                    |=|      0                                                                                           
FET$                         |=|      0                                                                                           
UET$                         |=|      0                                                                                           
PROXY_DATA$                  |=|      0                                                                                           
PROXY_ROLE_DATA$             |=|      0                                                                                           
OBJERROR$                    |=|      0                                                                                           
UGROUP$                      |=|      0                                                                                           
SUPEROBJ$                    |=|      0                                                                                           
VIEWCON$                     |=|      0                                                                                           
OBJPRIV$                     |=|      0                                                                                           
DEFROLE$                     |=|      0                                                                                           
ECOL$                        |=|      0                                                                                           
EV$                          |=|      0                                                                                           
EVCOL$                       |=|      0                                                                                           
DEFERRED_STG$                |=|      0                                                                                           
SQLERROR$                    |=|      0                                                                                           
IND_ONLINE$                  |=|      0                                                                                           
JIJOIN$                      |=|      0                                                                                           
JIREFRESHSQL$                |=|      0                                                                                           
TRIGGERJAVAF$                |=|      0                                                                                           
TRIGGERJAVAS$                |=|      0                                                                                           
TRIGGERJAVAC$                |=|      0                                                                                           
TRIGGERJAVAM$                |=|      0                                                                                           
TRIGGERDEP$                  |=|      0                                                                                           
INDREBUILD$                  |=|      0                                                                                           
COMPRESSION$                 |=|      0                                                                                           
TRANSIENT_IOT$               |=|      0                                                                                           
SQL$                         |=|      0                                                                                           
SQL$TEXT                     |=|      0                                                                                           
SQLOBJ$AUXDATA               |=|      0                                                                                           
OBJECT_USAGE                 |=|      0                                                                                           
NCOMP_DLL$                   |=|      0                                                                                           
PROCEDUREJAVA$               |=|      0                                                                                           
DIANA_VERSION$               |=|      0                                                                                           
PENDING_TRANS$               |=|      0                                                                                           
PENDING_SESSIONS$            |=|      0                                                                                           
PENDING_SUB_SESSIONS$        |=|      0                                                                                           
MAP_FILE$                    |=|      0                                                                                           
MAP_FILE_EXTENT$             |=|      0                                                                                           
MAP_SUBELEMENT$              |=|      0                                                                                           
MAP_ELEMENT$                 |=|      0                                                                                           
MAP_EXTELEMENT$              |=|      0                                                                                           
MAP_COMPLIST$                |=|      0                                                                                           
JOB$                         |=|      0                                                                                           
RESOURCE_INSTANCE_CAPABILITY$|=|      0                                                                                           
RESOURCE_IO_CALIBRATE$       |=|      0                                                                                           
TSM_SRC$                     |=|      0                                                                                           
TSM_DST$                     |=|      0                                                                                           
DIR$MIGRATE_OPERATIONS       |=|      0                                                                                           
DIR$SERVICE_OPERATIONS       |=|      0                                                                                           
DIR$ESCALATE_OPERATIONS      |=|      0                                                                                           
DIR$QUIESCE_OPERATIONS       |=|      0                                                                                           
DIR$INSTANCE_ACTIONS         |=|      0                                                                                           
DIR$RESONATE_OPERATIONS      |=|      0                                                                                           
DIR$ALERT_HISTORY            |=|      0                                                                                           
DIR$REASON_STRINGS           |=|      0                                                                                           
DIR$DATABASE_ATTRIBUTES      |=|      0                                                                                           
DIR$VICTIM_POLICY            |=|      0                                                                                           
DIR$NODE_ATTRIBUTES          |=|      0                                                                                           
DIR$SERVICE_ATTRIBUTES       |=|      0                                                                                           
_default_auditing_options_   |=|      0                                                                                           
USER_HISTORY$                |=|      0                                                                                           
RLS_SC$                      |=|      0                                                                                           
RLS_GRP$                     |=|      0                                                                                           
RLS_CTX$                     |=|      0                                                                                           
AUD$                         |=|      0                                                                                           
FGA$                         |=|      0                                                                                           
FGACOL$                      |=|      0                                                                                           
FGA_LOG$                     |=|      0                                                                                           
APPROLE$                     |=|      0                                                                                           
ENC$                         |=|      0                                                                                           
PROXY_INFO$                  |=|      0                                                                                           
PROXY_ROLE_INFO$             |=|      0                                                                                           
XS$VERIFIERS                 |=|      0                                                                                           
XS$SESSIONS                  |=|      0                                                                                           
XS$SESSION_ROLES             |=|      0                                                                                           
XS$SESSION_APPNS             |=|      0                                                                                           
XS$PARAMETERS                |=|      0                                                                                           
TAB_STATS$                   |=|      0                                                                                           
IND_STATS$                   |=|      0                                                                                           
CACHE_STATS_1$               |=|      0                                                                                           
CACHE_STATS_0$               |=|      0                                                                                           
MON_MODS$                    |=|      0                                                                                           
WRI$_OPTSTAT_AUX_HISTORY     |=|      0                                                                                           
OPTSTAT_USER_PREFS$          |=|      0                                                                                           
INDARRAYTYPE$                |=|      0                                                                                           
JAVAOBJ$                     |=|      0                                                                                           
JAVASNM$                     |=|      0                                                                                           
INDSUBPART$                  |=|      0                                                                                           
INDCOMPART$                  |=|      0                                                                                           

                           ===>  E  S  C  O  M                                                                                    
                           ====================                                                                                   
Ejercicios Clase           ====================                 Distributed DB                                                    
    ====================================================                                                                          
                                                                                                                                  
TABLE_NAME                   |=|  FILAS                                                                                           
=============================|=|=======                                                                                           
LOBCOMPPART$                 |=|      0                                                                                           
DEFSUBPART$                  |=|      0                                                                                           
DEFSUBPARTLOB$               |=|      0                                                                                           
INDPART_PARAM$               |=|      0                                                                                           
INSERT_TSN_LIST$             |=|      0                                                                                           
SUMPARTLOG$                  |=|      0                                                                                           
SUMDELTA$                    |=|      0                                                                                           
SNAP_LOGDEP$                 |=|      0                                                                                           
SNAP_LOADERTIME$             |=|      0                                                                                           
MLOG$                        |=|      0                                                                                           
SLOG$                        |=|      0                                                                                           
SNAP_XCMT$                   |=|      0                                                                                           
SNAP$                        |=|      0                                                                                           
SNAP_REFTIME$                |=|      0                                                                                           
MLOG_REFCOL$                 |=|      0                                                                                           
SNAP_REFOP$                  |=|      0                                                                                           
SNAP_COLMAP$                 |=|      0                                                                                           
SNAP_OBJCOL$                 |=|      0                                                                                           
REG_SNAP$                    |=|      0                                                                                           
SNAP_SITE$                   |=|      0                                                                                           
RGROUP$                      |=|      0                                                                                           
RGCHILD$                     |=|      0                                                                                           
CDC_CHANGE_TABLES$           |=|      0                                                                                           
CDC_SUBSCRIBERS$             |=|      0                                                                                           
CDC_SUBSCRIBED_TABLES$       |=|      0                                                                                           
CDC_SUBSCRIBED_COLUMNS$      |=|      0                                                                                           
CDC_CHANGE_COLUMNS$          |=|      0                                                                                           
CDC_PROPAGATIONS$            |=|      0                                                                                           
CDC_PROPAGATED_SETS$         |=|      0                                                                                           
STREAMS$_SPLIT_MERGE         |=|      0                                                                                           
STREAMS$_CAPTURE_SERVER      |=|      0                                                                                           
STREAMS$_CAPTURE_PROCESS     |=|      0                                                                                           
STREAMS$_APPLY_PROCESS       |=|      0                                                                                           
STREAMS$_PROPAGATION_PROCESS |=|      0                                                                                           
STREAMS$_PROCESS_PARAMS      |=|      0                                                                                           
STREAMS$_EXTRA_ATTRS         |=|      0                                                                                           
STREAMS$_PREPARE_OBJECT      |=|      0                                                                                           
STREAMS$_PREPARE_DDL         |=|      0                                                                                           
STREAMS$_APPLY_MILESTONE     |=|      0                                                                                           
STREAMS$_APPLY_PROGRESS      |=|      0                                                                                           
STREAMS$_KEY_COLUMNS         |=|      0                                                                                           
STREAMS$_DEF_PROC            |=|      0                                                                                           
STREAMS$_RULES               |=|      0                                                                                           
APPLY$_SOURCE_OBJ            |=|      0                                                                                           
APPLY$_SOURCE_SCHEMA         |=|      0                                                                                           
APPLY$_VIRTUAL_OBJ_CONS      |=|      0                                                                                           
APPLY$_CONSTRAINT_COLUMNS    |=|      0                                                                                           
APPLY$_DEST_OBJ              |=|      0                                                                                           
APPLY$_DEST_OBJ_CMAP         |=|      0                                                                                           
APPLY$_DEST_OBJ_OPS          |=|      0                                                                                           
STREAMS$_STMT_HANDLERS       |=|      0                                                                                           
STREAMS$_STMT_HANDLER_STMTS  |=|      0                                                                                           
APPLY$_CHANGE_HANDLERS       |=|      0                                                                                           
APPLY$_ERROR                 |=|      0                                                                                           
APPLY$_ERROR_TXN             |=|      0                                                                                           
APPLY$_ERROR_HANDLER         |=|      0                                                                                           
APPLY$_CONF_HDLR_COLUMNS     |=|      0                                                                                           
STREAMS$_DEST_OBJS           |=|      0                                                                                           
STREAMS$_DEST_OBJ_COLS       |=|      0                                                                                           
STREAMS$_PRIVILEGED_USER     |=|      0                                                                                           
STREAMS$_MESSAGE_RULES       |=|      0                                                                                           
STREAMS$_MESSAGE_CONSUMERS   |=|      0                                                                                           
STREAMS$_APPLY_SPILL_TXN     |=|      0                                                                                           
STREAMS$_APPLY_SPILL_TXN_LIST|=|      0                                                                                           
FGR$_FILE_GROUPS             |=|      0                                                                                           
FGR$_FILE_GROUP_VERSIONS     |=|      0                                                                                           
FGR$_FILE_GROUP_EXPORT_INFO  |=|      0                                                                                           
FGR$_FILE_GROUP_FILES        |=|      0                                                                                           
FGR$_TABLESPACE_INFO         |=|      0                                                                                           
FGR$_TABLE_INFO              |=|      0                                                                                           
REDEF$                       |=|      0                                                                                           
REDEF_OBJECT$                |=|      0                                                                                           
REDEF_DEP_ERROR$             |=|      0                                                                                           
RULESET$                     |=|      0                                                                                           
LOG$                         |=|      0                                                                                           
RECO_SCRIPT$                 |=|      0                                                                                           
RECO_SCRIPT_PARAMS$          |=|      0                                                                                           
RECO_SCRIPT_BLOCK$           |=|      0                                                                                           
RECO_SCRIPT_ERROR$           |=|      0                                                                                           
COMPARISON$                  |=|      0                                                                                           
COMPARISON_COL$              |=|      0                                                                                           
COMPARISON_SCAN$             |=|      0                                                                                           
COMPARISON_SCAN_VAL$         |=|      0                                                                                           
COMPARISON_ROW_DIF$          |=|      0                                                                                           
STREAMS$_COMPONENT           |=|      0                                                                                           
STREAMS$_COMPONENT_LINK      |=|      0                                                                                           
STREAMS$_COMPONENT_PROP      |=|      0                                                                                           
STREAMS$_DATABASE            |=|      0                                                                                           
XSTREAM$_SERVER              |=|      0                                                                                           
XSTREAM$_SUBSET_RULES        |=|      0                                                                                           
XSTREAM$_SYSGEN_OBJS         |=|      0                                                                                           

                           ===>  E  S  C  O  M                                                                                    
                           ====================                                                                                   
Ejercicios Clase           ====================                 Distributed DB                                                    
    ====================================================                                                                          
                                                                                                                                  
TABLE_NAME                   |=|  FILAS                                                                                           
=============================|=|=======                                                                                           
XSTREAM$_PARAMETERS          |=|      0                                                                                           
XSTREAM$_DML_CONFLICT_HANDLER|=|      0                                                                                           
XSTREAM$_SERVER_CONNECTION   |=|      0                                                                                           
XSTREAM$_DDL_CONFLICT_HANDLER|=|      0                                                                                           
XSTREAM$_MAP                 |=|      0                                                                                           
GOLDENGATE$_PRIVILEGES       |=|      0                                                                                           
AW$                          |=|      0                                                                                           
PS$                          |=|      0                                                                                           
AW_OBJ$                      |=|      0                                                                                           
AW_PROP$                     |=|      0                                                                                           
AW_TRACK$                    |=|      0                                                                                           
AW_PRG$                      |=|      0                                                                                           
OLAP_MAPPINGS$               |=|      0                                                                                           
OLAP_MODELS$                 |=|      0                                                                                           
OLAP_MODEL_PARENTS$          |=|      0                                                                                           
OLAP_MODEL_ASSIGNMENTS$      |=|      0                                                                                           
OLAP_CALCULATED_MEMBERS$     |=|      0                                                                                           
OLAP_SYNTAX$                 |=|      0                                                                                           
OLAP_DESCRIPTIONS$           |=|      0                                                                                           
OLAP_CUBE_BUILD_PROCESSES$   |=|      0                                                                                           
OLAP_AW_VIEWS$               |=|      0                                                                                           
OLAP_AW_VIEW_COLUMNS$        |=|      0                                                                                           
OLAP_MEASURE_FOLDERS$        |=|      0                                                                                           
OLAP_MEAS_FOLDER_CONTENTS$   |=|      0                                                                                           
OLAP_AW_DEPLOYMENT_CONTROLS$ |=|      0                                                                                           
OLAP_IMPL_OPTIONS$           |=|      0                                                                                           
OLAP_MULTI_OPTIONS$          |=|      0                                                                                           
OLAP_CUBE_DIMENSIONS$        |=|      0                                                                                           
OLAP_DIM_LEVELS$             |=|      0                                                                                           
OLAP_ATTRIBUTES$             |=|      0                                                                                           
OLAP_ATTRIBUTE_VISIBILITY$   |=|      0                                                                                           
OLAP_HIERARCHIES$            |=|      0                                                                                           
OLAP_HIER_LEVELS$            |=|      0                                                                                           
OLAP_CUBES$                  |=|      0                                                                                           
OLAP_MEASURES$               |=|      0                                                                                           
OLAP_DIMENSIONALITY$         |=|      0                                                                                           
OLAP_TAB$                    |=|      0                                                                                           
OLAP_TAB_COL$                |=|      0                                                                                           
OLAP_TAB_HIER$               |=|      0                                                                                           
SUM$                         |=|      0                                                                                           
SUMDETAIL$                   |=|      0                                                                                           
SUMINLINE$                   |=|      0                                                                                           
SUMKEY$                      |=|      0                                                                                           
SUMAGG$                      |=|      0                                                                                           
SUMJOIN$                     |=|      0                                                                                           
SUMDEP$                      |=|      0                                                                                           
SUMPRED$                     |=|      0                                                                                           
SUMQB$                       |=|      0                                                                                           
HIER$                        |=|      0                                                                                           
HIERLEVEL$                   |=|      0                                                                                           
DIM$                         |=|      0                                                                                           
DIMLEVEL$                    |=|      0                                                                                           
DIMLEVELKEY$                 |=|      0                                                                                           
DIMJOINKEY$                  |=|      0                                                                                           
DIMATTR$                     |=|      0                                                                                           
INCEXP                       |=|      0                                                                                           
INCFIL                       |=|      0                                                                                           
EXPDEPACT$                   |=|      0                                                                                           
EXPIMP_TTS_CT$               |=|      0                                                                                           
EXTERNAL_TAB$                |=|      0                                                                                           
EXTERNAL_LOCATION$           |=|      0                                                                                           
MODEL$                       |=|      0                                                                                           
MODELTAB$                    |=|      0                                                                                           
MODELATT$                    |=|      0                                                                                           
MODELSET$                    |=|      0                                                                                           
LOGMNR_BUILDLOG              |=|      0                                                                                           
LOGMNRG_SEED$                |=|      0                                                                                           
LOGMNRG_DICTIONARY$          |=|      0                                                                                           
LOGMNRG_OBJ$                 |=|      0                                                                                           
LOGMNRG_TAB$                 |=|      0                                                                                           
LOGMNRG_COL$                 |=|      0                                                                                           
LOGMNRG_ATTRCOL$             |=|      0                                                                                           
LOGMNRG_TS$                  |=|      0                                                                                           
LOGMNRG_IND$                 |=|      0                                                                                           
LOGMNRG_USER$                |=|      0                                                                                           
LOGMNRG_TABPART$             |=|      0                                                                                           
LOGMNRG_TABSUBPART$          |=|      0                                                                                           
LOGMNRG_TABCOMPART$          |=|      0                                                                                           
LOGMNRG_TYPE$                |=|      0                                                                                           
LOGMNRG_COLTYPE$             |=|      0                                                                                           
LOGMNRG_ATTRIBUTE$           |=|      0                                                                                           
LOGMNRG_LOB$                 |=|      0                                                                                           
LOGMNRG_CDEF$                |=|      0                                                                                           
LOGMNRG_CCOL$                |=|      0                                                                                           
LOGMNRG_ICOL$                |=|      0                                                                                           
LOGMNRG_LOBFRAG$             |=|      0                                                                                           
LOGMNRG_INDPART$             |=|      0                                                                                           
LOGMNRG_INDSUBPART$          |=|      0                                                                                           
LOGMNRG_INDCOMPART$          |=|      0                                                                                           
LOGMNRG_LOGMNR_BUILDLOG      |=|      0                                                                                           
LOGMNRG_NTAB$                |=|      0                                                                                           

                           ===>  E  S  C  O  M                                                                                    
                           ====================                                                                                   
Ejercicios Clase           ====================                 Distributed DB                                                    
    ====================================================                                                                          
                                                                                                                                  
TABLE_NAME                   |=|  FILAS                                                                                           
=============================|=|=======                                                                                           
LOGMNRG_OPQTYPE$             |=|      0                                                                                           
LOGMNRG_SUBCOLTYPE$          |=|      0                                                                                           
LOGMNRG_KOPM$                |=|      0                                                                                           
LOGMNRG_PROPS$               |=|      0                                                                                           
LOGMNRG_ENC$                 |=|      0                                                                                           
LOGMNRG_REFCON$              |=|      0                                                                                           
LOGMNRG_PARTOBJ$             |=|      0                                                                                           
DST$AFFECTED_TABLES          |=|      0                                                                                           
DST$ERROR_TABLE              |=|      0                                                                                           
DST$TRIGGER_TABLE            |=|      0                                                                                           
SYS_FBA_FA                   |=|      0                                                                                           
SYS_FBA_TSFA                 |=|      0                                                                                           
SYS_FBA_BARRIERSCN           |=|      0                                                                                           
SYS_FBA_PARTITIONS           |=|      0                                                                                           
SYS_FBA_USERS                |=|      0                                                                                           
SYS_FBA_DL                   |=|      0                                                                                           
REGISTRY$ERROR               |=|      0                                                                                           
REGISTRY$HISTORY             |=|      0                                                                                           
REGISTRY$PROGRESS            |=|      0                                                                                           
TRANSACTION_BACKOUT_STATE$   |=|      0                                                                                           
TRANSACTION_BACKOUT_REPORT$  |=|      0                                                                                           
UTL_RECOMP_ERRORS            |=|      0                                                                                           
RULE_SET_VE$                 |=|      0                                                                                           
SYS_IOT_OVER_5229            |=|      0                                                                                           
SYS_IOT_OVER_5235            |=|      0                                                                                           
SYS_IOT_OVER_5239            |=|      0                                                                                           
DAM_LAST_ARCH_TS$            |=|      0                                                                                           
DAM_CLEANUP_JOBS$            |=|      0                                                                                           
DAM_CLEANUP_EVENTS$          |=|      0                                                                                           
INVALIDATION_REGISTRY$       |=|      0                                                                                           
SYS_IOT_OVER_5476            |=|      0                                                                                           
CHNF$_CLAUSE_DEPENDENTS      |=|      0                                                                                           
CHNF$_QUERY_OBJECT           |=|      0                                                                                           
CHNF$_REG_QUERIES            |=|      0                                                                                           
CHNF$_QUERIES                |=|      0                                                                                           
CHNF$_QUERY_BINDS            |=|      0                                                                                           
SYS_IOT_OVER_5511            |=|      0                                                                                           
CHNF$_QUERY_DEPENDENCIES     |=|      0                                                                                           
CHNFDIRECTLOAD$              |=|      0                                                                                           
SSCR_CAP$                    |=|      0                                                                                           
SSCR_RES$                    |=|      0                                                                                           
REG$                         |=|      0                                                                                           
LOC$                         |=|      0                                                                                           
AQ$_REPLAY_INFO              |=|      0                                                                                           
AQ$_SCHEDULES                |=|      0                                                                                           
AQ$_MESSAGE_TYPES            |=|      0                                                                                           
AQ$_PROPAGATION_STATUS       |=|      0                                                                                           
AQ$_PENDING_MESSAGES         |=|      0                                                                                           
AQ$_QUEUE_STATISTICS         |=|      0                                                                                           
AQ$_PUBLISHER                |=|      0                                                                                           
SYS_IOT_OVER_5779            |=|      0                                                                                           
WRI$_ADV_EXEC_PARAMETERS     |=|      0                                                                                           
WRI$_ADV_FINDINGS            |=|      0                                                                                           
WRI$_ADV_INST_FDG            |=|      0                                                                                           
WRI$_ADV_RECOMMENDATIONS     |=|      0                                                                                           
WRI$_ADV_ACTIONS             |=|      0                                                                                           
WRI$_ADV_RATIONALE           |=|      0                                                                                           
WRI$_ADV_REC_ACTIONS         |=|      0                                                                                           
WRI$_ADV_DIRECTIVE_INSTANCES |=|      0                                                                                           
WRI$_ADV_JOURNAL             |=|      0                                                                                           
WRI$_ADV_MESSAGE_GROUPS      |=|      0                                                                                           
WRI$_ADV_SQLT_PLAN_HASH      |=|      0                                                                                           
WRI$_ADV_SQLT_PLAN_STATS     |=|      0                                                                                           
WRI$_ADV_SQLT_PLANS          |=|      0                                                                                           
WRI$_ADV_ADDM_TASKS          |=|      0                                                                                           
WRI$_ADV_ADDM_INST           |=|      0                                                                                           
WRI$_ADV_ADDM_FDG            |=|      0                                                                                           
SCHEDULER$_LWJOB_OBJ         |=|      0                                                                                           
SCHEDULER$_LIGHTWEIGHT_JOB   |=|      0                                                                                           
SCHEDULER$_SRCQ_INFO         |=|      0                                                                                           
SCHEDULER$_SRCQ_MAP          |=|      0                                                                                           
SCHEDULER$_EVTQ_SUB          |=|      0                                                                                           
SCHEDULER$_CHAIN             |=|      0                                                                                           
SCHEDULER$_STEP              |=|      0                                                                                           
SCHEDULER$_STEP_STATE        |=|      0                                                                                           
SCHEDULER$_CREDENTIAL        |=|      0                                                                                           
SCHEDULER$_RJOB_SRC_DB_INFO  |=|      0                                                                                           
SCHEDULER$_REMOTE_DBS        |=|      0                                                                                           
SCHEDULER$_REMOTE_JOB_STATE  |=|      0                                                                                           
SCHEDULER$_FILE_WATCHER      |=|      0                                                                                           
SCHEDULER$_FILEWATCHER_HISTOR|=|      0                                                                                           
Y                            |=|                                                                                                  
                                                                                                                                  
SCHEDULER$_FILEWATCHER_RESEND|=|      0                                                                                           
SCHEDULER$_NOTIFICATION      |=|      0                                                                                           
SCHEDULER$_JOB_DESTINATIONS  |=|      0                                                                                           
CRC$_RESULT_CACHE_STATS      |=|      0                                                                                           
WRI$_ALERT_OUTSTANDING       |=|      0                                                                                           
WRI$_ALERT_THRESHOLD_LOG     |=|      0                                                                                           
WRI$_TRACING_ENABLED         |=|      0                                                                                           
WRI$_AGGREGATION_ENABLED     |=|      0                                                                                           

                           ===>  E  S  C  O  M                                                                                    
                           ====================                                                                                   
Ejercicios Clase           ====================                 Distributed DB                                                    
    ====================================================                                                                          
                                                                                                                                  
TABLE_NAME                   |=|  FILAS                                                                                           
=============================|=|=======                                                                                           
WRI$_ADV_SQLT_BINDS          |=|      0                                                                                           
WRI$_ADV_SQLT_STATISTICS     |=|      0                                                                                           
WRI$_ADV_SQLT_RTN_PLAN       |=|      0                                                                                           
WRI$_SQLSET_DEFINITIONS      |=|      0                                                                                           
WRI$_SQLSET_REFERENCES       |=|      0                                                                                           
WRI$_SQLSET_STATEMENTS       |=|      0                                                                                           
WRI$_SQLSET_PLANS            |=|      0                                                                                           
WRI$_SQLSET_STATISTICS       |=|      0                                                                                           
WRI$_SQLSET_MASK             |=|      0                                                                                           
WRI$_SQLSET_PLAN_LINES       |=|      0                                                                                           
WRI$_SQLSET_BINDS            |=|      0                                                                                           
WRI$_SQLSET_WORKSPACE        |=|      0                                                                                           
WRI$_SQLSET_WORKSPACE_PLANS  |=|      0                                                                                           
WRH$_FILESTATXS_BL           |=|      0                                                                                           
WRH$_TEMPSTATXS              |=|      0                                                                                           
WRH$_DATAFILE                |=|      0                                                                                           
WRH$_TEMPFILE                |=|      0                                                                                           
WRH$_COMP_IOSTAT             |=|      0                                                                                           
WRH$_IOSTAT_FUNCTION         |=|      0                                                                                           
WRH$_IOSTAT_FUNCTION_NAME    |=|      0                                                                                           
WRH$_IOSTAT_FILETYPE         |=|      0                                                                                           
WRH$_IOSTAT_FILETYPE_NAME    |=|      0                                                                                           
WRH$_IOSTAT_DETAIL           |=|      0                                                                                           
WRH$_SQLSTAT_BL              |=|      0                                                                                           
WRH$_SQLTEXT                 |=|      0                                                                                           
WRI$_SQLTEXT_REFCOUNT        |=|      0                                                                                           
WRH$_SQL_SUMMARY             |=|      0                                                                                           
WRH$_SQL_PLAN                |=|      0                                                                                           
WRH$_SQL_BIND_METADATA       |=|      0                                                                                           
WRH$_OPTIMIZER_ENV           |=|      0                                                                                           
WRH$_SYSTEM_EVENT_BL         |=|      0                                                                                           
WRH$_EVENT_NAME              |=|      0                                                                                           
WRH$_LATCH_NAME              |=|      0                                                                                           
WRH$_BG_EVENT_SUMMARY        |=|      0                                                                                           
WRH$_WAITSTAT_BL             |=|      0                                                                                           
WRH$_ENQUEUE_STAT            |=|      0                                                                                           
WRH$_LATCH_BL                |=|      0                                                                                           
WRH$_LATCH_CHILDREN_BL       |=|      0                                                                                           
WRH$_LATCH_PARENT_BL         |=|      0                                                                                           
WRH$_LATCH_MISSES_SUMMARY_BL |=|      0                                                                                           
WRH$_EVENT_HISTOGRAM_BL      |=|      0                                                                                           
WRH$_MUTEX_SLEEP             |=|      0                                                                                           
WRH$_LIBRARYCACHE            |=|      0                                                                                           
WRH$_DB_CACHE_ADVICE_BL      |=|      0                                                                                           
WRH$_BUFFER_POOL_STATISTICS  |=|      0                                                                                           
WRH$_ROWCACHE_SUMMARY_BL     |=|      0                                                                                           
WRH$_SGA                     |=|      0                                                                                           
WRH$_SGASTAT_BL              |=|      0                                                                                           
WRH$_PGASTAT                 |=|      0                                                                                           
WRH$_PROCESS_MEMORY_SUMMARY  |=|      0                                                                                           
WRH$_RESOURCE_LIMIT          |=|      0                                                                                           
WRH$_SHARED_POOL_ADVICE      |=|      0                                                                                           
WRH$_STREAMS_POOL_ADVICE     |=|      0                                                                                           
WRH$_SQL_WORKAREA_HISTOGRAM  |=|      0                                                                                           
WRH$_PGA_TARGET_ADVICE       |=|      0                                                                                           
WRH$_SGA_TARGET_ADVICE       |=|      0                                                                                           
WRH$_MEMORY_TARGET_ADVICE    |=|      0                                                                                           
WRH$_MEMORY_RESIZE_OPS       |=|      0                                                                                           
WRH$_INSTANCE_RECOVERY       |=|      0                                                                                           
WRH$_JAVA_POOL_ADVICE        |=|      0                                                                                           
WRH$_THREAD                  |=|      0                                                                                           
WRH$_SYSSTAT_BL              |=|      0                                                                                           
WRH$_SYS_TIME_MODEL_BL       |=|      0                                                                                           
WRH$_OSSTAT_BL               |=|      0                                                                                           
WRH$_PARAMETER_BL            |=|      0                                                                                           
WRH$_MVPARAMETER_BL          |=|      0                                                                                           
WRH$_STAT_NAME               |=|      0                                                                                           
WRH$_OSSTAT_NAME             |=|      0                                                                                           
WRH$_PARAMETER_NAME          |=|      0                                                                                           
WRH$_PLAN_OPERATION_NAME     |=|      0                                                                                           
WRH$_PLAN_OPTION_NAME        |=|      0                                                                                           
WRH$_SQLCOMMAND_NAME         |=|      0                                                                                           
WRH$_TOPLEVELCALL_NAME       |=|      0                                                                                           
WRH$_UNDOSTAT                |=|      0                                                                                           
WRH$_SEG_STAT_BL             |=|      0                                                                                           
WRH$_SESSMETRIC_HISTORY      |=|      0                                                                                           
WRH$_FILEMETRIC_HISTORY      |=|      0                                                                                           
WRH$_WAITCLASSMETRIC_HISTORY |=|      0                                                                                           
WRH$_DLM_MISC_BL             |=|      0                                                                                           
WRH$_CR_BLOCK_SERVER         |=|      0                                                                                           
WRH$_CURRENT_BLOCK_SERVER    |=|      0                                                                                           
WRH$_INST_CACHE_TRANSFER_BL  |=|      0                                                                                           
WRH$_ACTIVE_SESSION_HISTORY_B|=|      0                                                                                           
L                            |=|                                                                                                  
                                                                                                                                  
WRH$_TABLESPACE_STAT_BL      |=|      0                                                                                           
WRH$_LOG                     |=|      0                                                                                           
WRH$_MTTR_TARGET_ADVICE      |=|      0                                                                                           
WRH$_TABLESPACE              |=|      0                                                                                           
WRH$_TABLESPACE_SPACE_USAGE  |=|      0                                                                                           
WRH$_SERVICE_NAME            |=|      0                                                                                           

                           ===>  E  S  C  O  M                                                                                    
                           ====================                                                                                   
Ejercicios Clase           ====================                 Distributed DB                                                    
    ====================================================                                                                          
                                                                                                                                  
TABLE_NAME                   |=|  FILAS                                                                                           
=============================|=|=======                                                                                           
WRH$_SERVICE_STAT_BL         |=|      0                                                                                           
WRH$_SERVICE_WAIT_CLASS_BL   |=|      0                                                                                           
WRH$_SESS_TIME_STATS         |=|      0                                                                                           
WRH$_STREAMS_CAPTURE         |=|      0                                                                                           
WRH$_STREAMS_APPLY_SUM       |=|      0                                                                                           
WRH$_BUFFERED_QUEUES         |=|      0                                                                                           
WRH$_BUFFERED_SUBSCRIBERS    |=|      0                                                                                           
WRH$_PERSISTENT_QUEUES       |=|      0                                                                                           
WRH$_PERSISTENT_SUBSCRIBERS  |=|      0                                                                                           
WRH$_RULE_SET                |=|      0                                                                                           
WRH$_RSRC_CONSUMER_GROUP     |=|      0                                                                                           
WRH$_RSRC_PLAN               |=|      0                                                                                           
WRH$_CLUSTER_INTERCON        |=|      0                                                                                           
WRH$_IC_DEVICE_STATS         |=|      0                                                                                           
WRH$_IC_CLIENT_STATS         |=|      0                                                                                           
WRH$_MEM_DYNAMIC_COMP        |=|      0                                                                                           
WRH$_INTERCONNECT_PINGS_BL   |=|      0                                                                                           
WRH$_DISPATCHER              |=|      0                                                                                           
WRH$_SHARED_SERVER_SUMMARY   |=|      0                                                                                           
WRH$_DYN_REMASTER_STATS      |=|      0                                                                                           
WRH$_PERSISTENT_QMN_CACHE    |=|      0                                                                                           
WRM$_WR_USAGE                |=|      0                                                                                           
WRM$_SNAP_ERROR              |=|      0                                                                                           
WRM$_COLORED_SQL             |=|      0                                                                                           
WRM$_BASELINE_DETAILS        |=|      0                                                                                           
WRM$_BASELINE_TEMPLATE       |=|      0                                                                                           
WRR$_FILTERS                 |=|      0                                                                                           
WRR$_CAPTURES                |=|      0                                                                                           
WRR$_CAPTURE_STATS           |=|      0                                                                                           
WRR$_CAPTURE_UC_GRAPH        |=|      0                                                                                           
WRR$_REPLAYS                 |=|      0                                                                                           
WRR$_REPLAY_STATS            |=|      0                                                                                           
WRR$_REPLAY_DIVERGENCE       |=|      0                                                                                           
WRR$_REPLAY_UC_GRAPH         |=|      0                                                                                           
WRR$_CONNECTION_MAP          |=|      0                                                                                           
WRR$_REPLAY_SQL_TEXT         |=|      0                                                                                           
WRR$_REPLAY_SQL_BINDS        |=|      0                                                                                           
WRR$_REPLAY_CALL_FILTER      |=|      0                                                                                           
WRR$_REPLAY_FILTER_SET       |=|      0                                                                                           
WRR$_REPLAY_DEP_GRAPH        |=|      0                                                                                           
WRR$_REPLAY_COMMITS          |=|      0                                                                                           
WRR$_REPLAY_REFERENCES       |=|      0                                                                                           
WRI$_ADV_SQLW_SUM            |=|      0                                                                                           
WRI$_ADV_SQLW_STMTS          |=|      0                                                                                           
WRI$_ADV_SQLW_TABLES         |=|      0                                                                                           
WRI$_ADV_SQLW_TABVOL         |=|      0                                                                                           
WRI$_ADV_SQLW_COLVOL         |=|      0                                                                                           
WRI$_ADV_SQLA_MAP            |=|      0                                                                                           
WRI$_ADV_SQLA_SUM            |=|      0                                                                                           
WRI$_ADV_SQLA_STMTS          |=|      0                                                                                           
WRI$_ADV_SQLA_TABLES         |=|      0                                                                                           
WRI$_ADV_SQLA_TABVOL         |=|      0                                                                                           
WRI$_ADV_SQLA_COLVOL         |=|      0                                                                                           
WRI$_ADV_SQLA_TMP            |=|      0                                                                                           
WRI$_ADV_SQLA_FAKE_REG       |=|      0                                                                                           
DBMS_PARALLEL_EXECUTE_TASK$  |=|      0                                                                                           
DBMS_PARALLEL_EXECUTE_CHUNKS$|=|      0                                                                                           
DBFS$_STORES                 |=|      0                                                                                           
DBFS$_MOUNTS                 |=|      0                                                                                           
DBFS$_STATS                  |=|      0                                                                                           
DBFS_SFS$_TAB                |=|      0                                                                                           
DBFS_SFS$_VOL                |=|      0                                                                                           
DBFS_SFS$_SNAP               |=|      0                                                                                           
DBFS_SFS$_FS                 |=|      0                                                                                           
DBFS_SFS$_FST                |=|      0                                                                                           
DBFS_SFS$_FSTP               |=|      0                                                                                           
DBFS_SFS$_FSTO               |=|      0                                                                                           
DBFS_HS$_FS                  |=|      0                                                                                           
DBFS_HS$_PROPERTY            |=|      0                                                                                           
DBFS_HS$_SFLOCATORTABLE      |=|      0                                                                                           
DBFS_HS$_BACKUPFILETABLE     |=|      0                                                                                           
DBFS_HS$_CONTENTFNMAPTBL     |=|      0                                                                                           
DBFS_HS$_STORECOMMANDS       |=|      0                                                                                           
DBFS_HS$_STOREID2POLICYCTX   |=|      0                                                                                           
DBFS_HS$_STOREPROPERTIES     |=|      0                                                                                           
DBFS_HS$_STOREIDTABLE        |=|      0                                                                                           
WRI$_OPTSTAT_SYNOPSIS_PARTGRP|=|      0                                                                                           
WRI$_OPTSTAT_SYNOPSIS_HEAD$  |=|      0                                                                                           
STREAMS$_APPLY_SPILL_MESSAGES|=|      0                                                                                           
STREAMS$_INTERNAL_TRANSFORM  |=|      0                                                                                           
DBMS_ALERT_INFO              |=|      0                                                                                           
SCHEDULER$_EVENT_QTAB        |=|      0                                                                                           
AQ$_SCHEDULER$_EVENT_QTAB_L  |=|      0                                                                                           
SYS_IOT_OVER_12457           |=|      0                                                                                           
SCHEDULER$_REMDB_JOBQTAB     |=|      0                                                                                           
AQ$_SCHEDULER$_REMDB_JOBQTAB_|=|      0                                                                                           
L                            |=|                                                                                                  
                                                                                                                                  
SYS_IOT_OVER_12492           |=|      0                                                                                           
SCHEDULER_FILEWATCHER_QT     |=|      0                                                                                           
AQ$_SCHEDULER_FILEWATCHER_QT_|=|      0                                                                                           

                           ===>  E  S  C  O  M                                                                                    
                           ====================                                                                                   
Ejercicios Clase           ====================                 Distributed DB                                                    
    ====================================================                                                                          
                                                                                                                                  
TABLE_NAME                   |=|  FILAS                                                                                           
=============================|=|=======                                                                                           
L                            |=|                                                                                                  
                                                                                                                                  
SYS_IOT_OVER_12522           |=|      0                                                                                           
ALERT_QT                     |=|      0                                                                                           
AQ$_ALERT_QT_L               |=|      0                                                                                           
SYS_IOT_OVER_12578           |=|      0                                                                                           
HS$_FDS_INST                 |=|      0                                                                                           
HS$_CLASS_CAPS               |=|      0                                                                                           
HS$_INST_CAPS                |=|      0                                                                                           
HS$_CLASS_DD                 |=|      0                                                                                           
HS$_INST_DD                  |=|      0                                                                                           
HS$_CLASS_INIT               |=|      0                                                                                           
HS$_INST_INIT                |=|      0                                                                                           
HS_BULKLOAD_VIEW_OBJ         |=|      0                                                                                           
HS$_PARALLEL_METADATA        |=|      0                                                                                           
HS_PARTITION_COL_NAME        |=|      0                                                                                           
HS_PARTITION_COL_TYPE        |=|      0                                                                                           
HS$_PARALLEL_PARTITION_DATA  |=|      0                                                                                           
HS$_PARALLEL_HISTOGRAM_DATA  |=|      0                                                                                           
HS$_PARALLEL_SAMPLE_DATA     |=|      0                                                                                           
AQ$_MEM_MC                   |=|      0                                                                                           
AQ$_AQ$_MEM_MC_L             |=|      0                                                                                           
SYS_IOT_OVER_12752           |=|      0                                                                                           
AQ_EVENT_TABLE               |=|      0                                                                                           
AQ_PROP_TABLE                |=|      0                                                                                           
AQ$_AQ_PROP_TABLE_L          |=|      0                                                                                           
SYS_IOT_OVER_12788           |=|      0                                                                                           
AQ$_SYS$SERVICE_METRICS_TAB_L|=|      0                                                                                           
SYS_IOT_OVER_13095           |=|      0                                                                                           
EPG$_AUTH                    |=|      0                                                                                           
NET$_ACL                     |=|      0                                                                                           
WALLET$_ACL                  |=|      0                                                                                           
KUPC$DATAPUMP_QUETAB         |=|      0                                                                                           
AQ$_KUPC$DATAPUMP_QUETAB_L   |=|      0                                                                                           
SYS_IOT_OVER_12971           |=|      0                                                                                           
SYS$SERVICE_METRICS_TAB      |=|      0                                                                                           
USERS_OBJ_CREADOS_LOG2       |=|      0                                                                                           
SUBTOTAL                     |=|      0                                                                                           
TEMP                         |=|      0                                                                                           
ATEMPTAB$                    |=|      0                                                                                           
SQLLOG$                      |=|      0                                                                                           
SQLOBJ$                      |=|      0                                                                                           
SQLOBJ$DATA                  |=|      0                                                                                           
MAP_OBJECT                   |=|      0                                                                                           
CLUSTER_DATABASES            |=|      0                                                                                           
CLUSTER_NODES                |=|      0                                                                                           
CLUSTER_INSTANCES            |=|      0                                                                                           
COL_GROUP_USAGE$             |=|      0                                                                                           
FINALHIST$                   |=|      0                                                                                           
PSTUBTBL                     |=|      0                                                                                           
WRI$_ADV_ASA_RECO_DATA       |=|      0                                                                                           
PLAN_TABLE$                  |=|      0                                                                                           
CHNF$_QUERY_DELTAS           |=|      0                                                                                           
KU$NOEXP_TAB                 |=|      0                                                                                           
KU$_LIST_FILTER_TEMP         |=|      0                                                                                           
KU$_LIST_FILTER_TEMP_2       |=|      0                                                                                           
WRI$_SQLSET_PLANS_TOCAP      |=|      0                                                                                           
WRI$_SQLSET_STS_TOPACK       |=|      0                                                                                           
WRH$_FILESTATXS              |=|      0                                                                                           
WRH$_SQLSTAT                 |=|      0                                                                                           
WRH$_SYSTEM_EVENT            |=|      0                                                                                           
WRH$_WAITSTAT                |=|      0                                                                                           
WRH$_LATCH                   |=|      0                                                                                           
WRH$_LATCH_CHILDREN          |=|      0                                                                                           
WRH$_LATCH_PARENT            |=|      0                                                                                           
WRH$_LATCH_MISSES_SUMMARY    |=|      0                                                                                           
WRH$_EVENT_HISTOGRAM         |=|      0                                                                                           
WRH$_DB_CACHE_ADVICE         |=|      0                                                                                           
WRH$_ROWCACHE_SUMMARY        |=|      0                                                                                           
WRH$_SGASTAT                 |=|      0                                                                                           
WRH$_SYSSTAT                 |=|      0                                                                                           
WRH$_SYS_TIME_MODEL          |=|      0                                                                                           
WRH$_OSSTAT                  |=|      0                                                                                           
WRH$_PARAMETER               |=|      0                                                                                           
WRH$_MVPARAMETER             |=|      0                                                                                           
WRH$_DLM_MISC                |=|      0                                                                                           
WRH$_INST_CACHE_TRANSFER     |=|      0                                                                                           
WRH$_ACTIVE_SESSION_HISTORY  |=|      0                                                                                           
WRH$_TABLESPACE_STAT         |=|      0                                                                                           
WRH$_SERVICE_STAT            |=|      0                                                                                           
WRH$_SERVICE_WAIT_CLASS      |=|      0                                                                                           
WRH$_INTERCONNECT_PINGS      |=|      0                                                                                           
WRR$_REPLAY_SCN_ORDER        |=|      0                                                                                           
WRR$_REPLAY_SEQ_DATA         |=|      0                                                                                           
WRR$_REPLAY_DATA             |=|      0                                                                                           
WRR$_WORKLOAD_ATTRIBUTES     |=|      0                                                                                           
ODCI_SECOBJ$                 |=|      0                                                                                           
ODCI_WARNINGS$               |=|      0                                                                                           
ODCI_PMO_ROWIDS$             |=|      0                                                                                           
TTS_TBS$                     |=|      0                                                                                           
TTS_USR$                     |=|      0                                                                                           

                           ===>  E  S  C  O  M                                                                                    
                           ====================                                                                                   
Ejercicios Clase           ====================                 Distributed DB                                                    
    ====================================================                                                                          
                                                                                                                                  
TABLE_NAME                   |=|  FILAS                                                                                           
=============================|=|=======                                                                                           
TTS_ERROR$                   |=|      0                                                                                           
WRI$_OPTSTAT_SYNOPSIS$       |=|      0                                                                                           
STREAMS$_APPLY_SPILL_MSGS_PAR|=|      0                                                                                           
T                            |=|                                                                                                  
                                                                                                                                  
STREAMS$_COMPONENT_IN        |=|      0                                                                                           
STREAMS$_COMPONENT_LINK_IN   |=|      0                                                                                           
STREAMS$_COMPONENT_PROP_IN   |=|      0                                                                                           
STREAMS$_COMPONENT_STAT_IN   |=|      0                                                                                           
STREAMS$_COMPONENT_EVENT_IN  |=|      0                                                                                           
STREAMS$_LOCAL_FINDINGS_IN   |=|      0                                                                                           
STREAMS$_LOCAL_RECS_IN       |=|      0                                                                                           
STREAMS$_LOCAL_ACTIONS_IN    |=|      0                                                                                           
STREAMS$_COMPONENT_STAT_OUT  |=|      0                                                                                           
STREAMS$_PATH_STAT_OUT       |=|      0                                                                                           
STREAMS$_PATH_BOTTLENECK_OUT |=|      0                                                                                           
AQ$_SCHEDULER$_EVENT_QTAB_T  |=|      0                                                                                           
AQ$_SCHEDULER$_EVENT_QTAB_H  |=|      0                                                                                           
AQ$_SCHEDULER$_EVENT_QTAB_I  |=|      0                                                                                           
AQ$_SCHEDULER$_REMDB_JOBQTAB_|=|      0                                                                                           
T                            |=|                                                                                                  
                                                                                                                                  
AQ$_SCHEDULER$_REMDB_JOBQTAB_|=|      0                                                                                           
H                            |=|                                                                                                  
                                                                                                                                  
AQ$_SCHEDULER$_REMDB_JOBQTAB_|=|      0                                                                                           
I                            |=|                                                                                                  
                                                                                                                                  
AQ$_SCHEDULER_FILEWATCHER_QT_|=|      0                                                                                           
T                            |=|                                                                                                  
                                                                                                                                  
AQ$_SCHEDULER_FILEWATCHER_QT_|=|      0                                                                                           
H                            |=|                                                                                                  
                                                                                                                                  
AQ$_SCHEDULER_FILEWATCHER_QT_|=|      0                                                                                           
I                            |=|                                                                                                  
                                                                                                                                  
AQ$_ALERT_QT_T               |=|      0                                                                                           
AQ$_ALERT_QT_H               |=|      0                                                                                           
AQ$_ALERT_QT_I               |=|      0                                                                                           
AQ$_AQ$_MEM_MC_T             |=|      0                                                                                           
AQ$_AQ$_MEM_MC_H             |=|      0                                                                                           
AQ$_AQ$_MEM_MC_I             |=|      0                                                                                           
AQ$_AQ_PROP_TABLE_T          |=|      0                                                                                           
AQ$_AQ_PROP_TABLE_H          |=|      0                                                                                           
AQ$_AQ_PROP_TABLE_I          |=|      0                                                                                           
WRI$_ADV_OBJSPACE_TREND_DATA |=|      0                                                                                           
WRI$_ADV_OBJSPACE_CHROW_DATA |=|      0                                                                                           
IMPDP_STATS                  |=|      0                                                                                           
KU$_DATAPUMP_MASTER_11_2     |=|      0                                                                                           
KU$_DATAPUMP_MASTER_11_1_0_7 |=|      0                                                                                           
KU$_DATAPUMP_MASTER_11_1     |=|      0                                                                                           
KU$_DATAPUMP_MASTER_10_1     |=|      0                                                                                           
AQ$_KUPC$DATAPUMP_QUETAB_T   |=|      0                                                                                           
AQ$_KUPC$DATAPUMP_QUETAB_H   |=|      0                                                                                           
AQ$_KUPC$DATAPUMP_QUETAB_I   |=|      0                                                                                           
AQ$_SYS$SERVICE_METRICS_TAB_T|=|      0                                                                                           
AQ$_SYS$SERVICE_METRICS_TAB_H|=|      0                                                                                           
AQ$_SYS$SERVICE_METRICS_TAB_I|=|      0                                                                                           
AQ$_KUPC$DATAPUMP_QUETAB_G   |=|      0                                                                                           
AQ$_SYS$SERVICE_METRICS_TAB_G|=|      0                                                                                           
AQ$_AQ_PROP_TABLE_G          |=|      0                                                                                           
AQ$_AQ$_MEM_MC_G             |=|      0                                                                                           
AQ$_ALERT_QT_G               |=|      0                                                                                           
AQ$_SCHEDULER_FILEWATCHER_QT_|=|      0                                                                                           
G                            |=|                                                                                                  
                                                                                                                                  
AQ$_SCHEDULER$_REMDB_JOBQTAB_|=|      0                                                                                           
G                            |=|                                                                                                  
                                                                                                                                  
AQ$_SCHEDULER$_EVENT_QTAB_G  |=|      0                                                                                           
CHNF$_GROUP_FILTER_IOT       |=|      0                                                                                           
CHNF$_CLAUSES                |=|      0                                                                                           
RULE_SET_ROP$                |=|      0                                                                                           
RULE_SET_PR$                 |=|      0                                                                                           
UTL_RECOMP_SORTED            |=|      0                                                                                           
WRM$_BASELINE                |=|      1                                                                                           
SYS_FBA_TRACKEDTABLES        |=|      1                                                                                           
DBMS_LOCK_ALLOCATED          |=|      1                                                                                           
AQ$_SCHEDULER$_EVENT_QTAB_S  |=|      1                                                                                           
AQ$_SCHEDULER$_REMDB_JOBQTAB_|=|      1                                                                                           
S                            |=|                                                                                                  
                                                                                                                                  
AQ$_SCHEDULER_FILEWATCHER_QT_|=|      1                                                                                           
S                            |=|                                                                                                  
                                                                                                                                  
HS$_FDS_CLASS                |=|      1                                                                                           
HS$_FDS_CLASS_DATE           |=|      1                                                                                           
AQ$_AQ_PROP_TABLE_S          |=|      1                                                                                           
AQ$_KUPC$DATAPUMP_QUETAB_S   |=|      1                                                                                           
RECENT_RESOURCE_INCARNATIONS$|=|      1                                                                                           

                           ===>  E  S  C  O  M                                                                                    
                           ====================                                                                                   
Ejercicios Clase           ====================                 Distributed DB                                                    
    ====================================================                                                                          
                                                                                                                                  
TABLE_NAME                   |=|  FILAS                                                                                           
=============================|=|=======                                                                                           
REGISTRY$DATABASE            |=|      1                                                                                           
WRI$_SEGADV_OBJLIST          |=|      1                                                                                           
RULE_SET_IEUAC$              |=|      1                                                                                           
RULE$                        |=|      1                                                                                           
CPOOL$                       |=|      1                                                                                           
AQ$_SUBSCRIBER_TABLE         |=|      1                                                                                           
WRI$_ADV_EXECUTIONS          |=|      1                                                                                           
WRI$_DBU_USAGE_SAMPLE        |=|      1                                                                                           
WRI$_DBU_CPU_USAGE           |=|      1                                                                                           
KET$_AUTOTASK_STATUS         |=|      1                                                                                           
WRI$_SQLMON_USAGE            |=|      1                                                                                           
WRI$_SCH_CONTROL             |=|      1                                                                                           
EDITION$                     |=|      1                                                                                           
MIGRATE$                     |=|      1                                                                                           
DUAL                         |=|      1                                                                                           
LINK$                        |=|      1                                                                                           
TRUSTED_LIST$                |=|      1                                                                                           
RESOURCE_CAPABILITY$         |=|      1                                                                                           
ID_GENS$                     |=|      1                                                                                           
KOPM$                        |=|      1                                                                                           
SECOBJ$                      |=|      1                                                                                           
SUBPARTCOL$                  |=|      1                                                                                           
TABCOMPART$                  |=|      1                                                                                           
PARTLOB$                     |=|      1                                                                                           
LOBFRAG$                     |=|      1                                                                                           
CDC_SYSTEM$                  |=|      1                                                                                           
CDC_CHANGE_SETS$             |=|      1                                                                                           
INCVID                       |=|      1                                                                                           
WRM$_WR_CONTROL              |=|      1                                                                                           
HR_USERS_LOG                 |=|      2                                                                                           
CDC_CHANGE_SOURCES$          |=|      2                                                                                           
RULE_MAP$                    |=|      2                                                                                           
RULE_SET_EE$                 |=|      2                                                                                           
RULE_SET_TE$                 |=|      2                                                                                           
RULE_SET_RE$                 |=|      2                                                                                           
RULE_SET_ROR$                |=|      2                                                                                           
RULE_SET_RDEP$               |=|      2                                                                                           
WRI$_ADV_TASKS               |=|      2                                                                                           
WRI$_ADV_OBJECTS             |=|      2                                                                                           
SCHEDULER$_DESTINATIONS      |=|      2                                                                                           
WRI$_DBU_CPU_USAGE_SAMPLE    |=|      2                                                                                           
KET$_CLIENT_TASKS            |=|      2                                                                                           
TSQ$                         |=|      2                                                                                           
PROFNAME$                    |=|      2                                                                                           
USTATS$                      |=|      2                                                                                           
REGISTRY$DEPENDENCIES        |=|      2                                                                                           
AQ$_AQ$_MEM_MC_S             |=|      3                                                                                           
AQ$_SYS$SERVICE_METRICS_TAB_S|=|      3                                                                                           
TRANSFORMATIONS$             |=|      3                                                                                           
RESOURCE_STORAGE_POOL_MAPPING|=|      3                                                                                           
$                            |=|                                                                                                  
                                                                                                                                  
REC_VAR$                     |=|      3                                                                                           
SCHEDULER$_SCHEDULE          |=|      3                                                                                           
SMB$CONFIG                   |=|      3                                                                                           
ATTRIBUTE_TRANSFORMATIONS$   |=|      3                                                                                           
AQ$_ALERT_QT_S               |=|      4                                                                                           
PROJ                         |=|      4                                                                                           
PAY                          |=|      4                                                                                           
UTL_RECOMP_COMPILED          |=|      4                                                                                           
WRI$_ADV_DIRECTIVE_DEFS      |=|      4                                                                                           
DIR$                         |=|      4                                                                                           
SCHEDULER$_WINDOW_GROUP      |=|      4                                                                                           
WRI$_ALERT_THRESHOLD         |=|      4                                                                                           
CONTEXT$                     |=|      4                                                                                           
SQL_VERSION$                 |=|      4                                                                                           
SERVICE$                     |=|      4                                                                                           
SCHEDULER$_JOB_ARGUMENT      |=|      4                                                                                           
USERS_LOG2                   |=|      5                                                                                           
REGISTRY$SCHEMAS             |=|      5                                                                                           
REGISTRY$LOG                 |=|      5                                                                                           
WRI$_ADV_DIRECTIVE_META      |=|      5                                                                                           
REGISTRY$                    |=|      5                                                                                           
FILE$                        |=|      5                                                                                           
RESOURCE_CATEGORY$           |=|      5                                                                                           
RESOURCE_GROUP_MAPPING$      |=|      5                                                                                           
KU_UTLUSE                    |=|      5                                                                                           
RULE_SET_IOT$                |=|      6                                                                                           
TS$                          |=|      6                                                                                           
WRI$_ADV_DEF_EXEC_TYPES      |=|      6                                                                                           
WRI$_REPT_COMPONENTS         |=|      6                                                                                           
WRI$_SCH_VOTES               |=|      7                                                                                           
DAM_PARAM_TAB$               |=|      7                                                                                           
KET$_CLIENT_CONFIG           |=|      7                                                                                           
WRM$_DATABASE_INSTANCE       |=|      8                                                                                           
EMP                          |=|      8                                                                                           
INDTYPES$                    |=|      8                                                                                           
RULE_SET_FOB$                |=|      8                                                                                           
RULE_SET_NL$                 |=|      8                                                                                           
REC_TAB$                     |=|      8                                                                                           
RULE_EC$                     |=|      9                                                                                           

                           ===>  E  S  C  O  M                                                                                    
                           ====================                                                                                   
Ejercicios Clase           ====================                 Distributed DB                                                    
    ====================================================                                                                          
                                                                                                                                  
TABLE_NAME                   |=|  FILAS                                                                                           
=============================|=|=======                                                                                           
USER_ASTATUS_MAP             |=|      9                                                                                           
SCHEDULER$_WINDOW            |=|      9                                                                                           
ASG                          |=|     10                                                                                           
WRI$_SEGADV_CNTRLTAB         |=|     10                                                                                           
DAM_CONFIG_PARAM$            |=|     10                                                                                           
RESOURCE_PLAN$               |=|     10                                                                                           
DUC$                         |=|     10                                                                                           
RESOURCE_COST$               |=|     10                                                                                           
CLU$                         |=|     10                                                                                           
WRI$_REPT_REPORTS            |=|     11                                                                                           
AQ$_QUEUE_TABLE_AFFINITIES   |=|     11                                                                                           
RESOURCE_MAPPING_PRIORITY$   |=|     11                                                                                           
WRI$_ADV_USAGE               |=|     11                                                                                           
SCHEDULER$_GLOBAL_ATTRIBUTE  |=|     11                                                                                           
WRI$_ADV_DEFINITIONS         |=|     11                                                                                           
ASSOCIATION$                 |=|     12                                                                                           
SCHEDULER$_WINDOW_DETAILS    |=|     12                                                                                           
RULE_SET$                    |=|     13                                                                                           
AUX_STATS$                   |=|     13                                                                                           
SCHEDULER$_CLASS             |=|     13                                                                                           
WRI$_REPT_FORMATS            |=|     14                                                                                           
ERROR$                       |=|     14                                                                                           
WRI$_ALERT_HISTORY           |=|     14                                                                                           
SCHEDULER$_JOB               |=|     15                                                                                           
RESOURCE_MAP                 |=|     16                                                                                           
EXPACT$                      |=|     17                                                                                           
OPTSTAT_HIST_CONTROL$        |=|     18                                                                                           
SCHEDULER$_PROGRAM           |=|     19                                                                                           
WRI$_DBU_HIGH_WATER_MARK     |=|     21                                                                                           
EXPPKGOBJ$                   |=|     21                                                                                           
UNDO$                        |=|     21                                                                                           
WRI$_DBU_HWM_METADATA        |=|     21                                                                                           
RESOURCE_CONSUMER_GROUP$     |=|     25                                                                                           
TABLE_PRIVILEGE_MAP          |=|     26                                                                                           
WRI$_REPT_FILES              |=|     27                                                                                           
AUDIT$                       |=|     28                                                                                           
SCHEDULER$_WINGRP_MEMBER     |=|     28                                                                                           
TABSUBPART$                  |=|     32                                                                                           
WRR$_SEQUENCE_EXCEPTIONS     |=|     32                                                                                           
SQL_TK_TAB_DESC$             |=|     34                                                                                           
OPANCILLARY$                 |=|     34                                                                                           
PROFILE$                     |=|     34                                                                                           
PROPS$                       |=|     36                                                                                           
SQL_TK_COLL_CHK$             |=|     36                                                                                           
EXPPKGACT$                   |=|     38                                                                                           
SQL_TK_ROW_CHK$              |=|     38                                                                                           
OPERATOR$                    |=|     45                                                                                           
TYPEHIERARCHY$               |=|     45                                                                                           
RESOURCE_PLAN_DIRECTIVE$     |=|     48                                                                                           
USER$                        |=|     49                                                                                           
REFCON$                      |=|     55                                                                                           
BOOTSTRAP$                   |=|     60                                                                                           
EXPDEPOBJ$                   |=|     63                                                                                           
ICOLDEP$                     |=|     63                                                                                           
WRI$_ADV_PARAMETERS          |=|     76                                                                                           
SQL_TK_REF_CHK$              |=|     76                                                                                           
RECYCLEBIN$                  |=|     94                                                                                           
WRM$_SNAPSHOT                |=|     99                                                                                           
NOEXP$                       |=|    102                                                                                           
HS$_BASE_DD                  |=|    102                                                                                           
INDOP$                       |=|    104                                                                                           
RLS$                         |=|    105                                                                                           
SCHEDULER$_SAVED_OIDS        |=|    115                                                                                           
OPBINDING$                   |=|    117                                                                                           
MON_MODS_ALL$                |=|    124                                                                                           
WRI$_OPTSTAT_OPR             |=|    130                                                                                           
OPQTYPE$                     |=|    142                                                                                           
XDB_INSTALLATION_TAB         |=|    146                                                                                           
SUBCOLTYPE$                  |=|    146                                                                                           
PARTOBJ$                     |=|    146                                                                                           
TABPART$                     |=|    147                                                                                           
LIBRARY$                     |=|    158                                                                                           
SEQ$                         |=|    159                                                                                           
SCHEDULER$_PROGRAM_ARGUMENT  |=|    164                                                                                           
INDPART$                     |=|    166                                                                                           
WRI$_DBU_FEATURE_METADATA    |=|    168                                                                                           
WRI$_DBU_FEATURE_USAGE       |=|    168                                                                                           
METASTYLESHEET               |=|    179                                                                                           
AUDIT_ACTIONS                |=|    180                                                                                           
KU_NOEXP_TAB                 |=|    194                                                                                           
PARTCOL$                     |=|    197                                                                                           
SYSTEM_PRIVILEGE_MAP         |=|    208                                                                                           
NTAB$                        |=|    259                                                                                           
STMT_AUDIT_OPTION_MAP        |=|    270                                                                                           
OPARG$                       |=|    273                                                                                           
WRH$_METRIC_NAME             |=|    281                                                                                           
TYPED_VIEW$                  |=|    315                                                                                           
METAXSL$                     |=|    388                                                                                           
WRH$_SEG_STAT_OBJ            |=|    398                                                                                           
COLLECTION$                  |=|    435                                                                                           
METAVIEW$                    |=|    478                                                                                           

                           ===>  E  S  C  O  M                                                                                    
                           ====================                                                                                   
Ejercicios Clase           ====================                 Distributed DB                                                    
    ====================================================                                                                          
                                                                                                                                  
TABLE_NAME                   |=|  FILAS                                                                                           
=============================|=|=======                                                                                           
WRI$_ADV_DEF_PARAMETERS      |=|    509                                                                                           
STATS_TARGET$                |=|    536                                                                                           
TRIGGER$                     |=|    540                                                                                           
METAPATHMAP$                 |=|    678                                                                                           
SYSAUTH$                     |=|    716                                                                                           
METASCRIPT$                  |=|    752                                                                                           
HS$_BASE_CAPS                |=|    811                                                                                           
DEFAULT_PWD$                 |=|    841                                                                                           
LOB$                         |=|    852                                                                                           
WRI$_OPTSTAT_TAB_HISTORY     |=|    895                                                                                           
FIXED_OBJ$                   |=|    924                                                                                           
WRI$_OPTSTAT_IND_HISTORY     |=|    942                                                                                           
METAXSLPARAM$                |=|   1020                                                                                           
PROCEDUREC$                  |=|   1190                                                                                           
ATTRCOL$                     |=|   1514                                                                                           
VTABLE$                      |=|   1518                                                                                           
SMON_SCN_TIME                |=|   1521                                                                                           
TYPE$                        |=|   1609                                                                                           
TYPE_MISC$                   |=|   1695                                                                                           
TAB$                         |=|   1864                                                                                           
RESULT$                      |=|   1879                                                                                           
COL_USAGE$                   |=|   1954                                                                                           
OID$                         |=|   2026                                                                                           
PLSCOPE_IDENTIFIER$          |=|   2049                                                                                           
COLTYPE$                     |=|   2300                                                                                           
METHOD$                      |=|   2315                                                                                           
PROCEDURE$                   |=|   2708                                                                                           
METANAMETRANS$               |=|   2742                                                                                           
TRIGGERCOL$                  |=|   3057                                                                                           
SCHEDULER$_JOB_RUN_DETAILS   |=|   3289                                                                                           
METAFILTER$                  |=|   3588                                                                                           
IND$                         |=|   3603                                                                                           
WRM$_SNAPSHOT_DETAILS        |=|   3711                                                                                           
SCHEDULER$_EVENT_LOG         |=|   3854                                                                                           
SYN$                         |=|   4053                                                                                           
VIEW$                        |=|   4088                                                                                           
IDL_CHAR$                    |=|   4208                                                                                           
WARNING_SETTINGS$            |=|   4611                                                                                           
ICOL$                        |=|   4881                                                                                           
WRH$_SEG_STAT                |=|   5339                                                                                           
PLSCOPE_ACTION$              |=|   5347                                                                                           
ATTRIBUTE$                   |=|   6189                                                                                           
SEG$                         |=|   6345                                                                                           
PARAMETER$                   |=|   6346                                                                                           
METASCRIPTFILTER$            |=|   6367                                                                                           
OBJAUTH$                     |=|   6632                                                                                           
CDEF$                        |=|   7173                                                                                           
CON$                         |=|   7174                                                                                           
CCOL$                        |=|   8412                                                                                           
IDL_UB2$                     |=|   8870                                                                                           
PROCEDUREPLSQL$              |=|  11333                                                                                           
IDL_SB4$                     |=|  12170                                                                                           
WRI$_OPTSTAT_HISTHEAD_HISTORY|=|  12535                                                                                           
IDL_UB1$                     |=|  14449                                                                                           
COM$                         |=|  15387                                                                                           
WRH$_SYSMETRIC_SUMMARY       |=|  15484                                                                                           
PROCEDUREINFO$               |=|  18048                                                                                           
OBJ$                         |=|  19930                                                                                           
HISTGRM$                     |=|  21157                                                                                           
HIST_HEAD$                   |=|  25117                                                                                           
ACCESS$                      |=|  34428                                                                                           
SETTINGS$                    |=|  36536                                                                                           
DEPENDENCY$                  |=|  45575                                                                                           
WRI$_OPTSTAT_HISTGRM_HISTORY |=|  59838                                                                                           
COL$                         |=|  76056                                                                                           
WRH$_SYSMETRIC_HISTORY       |=|  88380                                                                                           
ARGUMENT$                    |=| 100567                                                                                           
SOURCE$                      |=| 231337                                                                                           

946 rows selected.

SQL> 
SQL> SELECT * FROM DBA_TAB_PRIVS
  2  WHERE GRANTEE IN
  3  (SELECT GRANTED_ROLE FROM
  4  DBA_ROLE_PRIVS
  5  WHERE GRANTEE = 'SERGIOARGEN')
  6  ORDER BY 3;

no rows selected

SQL> SELECT TABLE_NAME FROM DICT
  2  WHERE TABLE_NAME LIKE '%PRIVS%';

                           ===>  E  S  C  O  M                                                                                    
                           ====================                                                                                   
Ejercicios Clase           ====================                 Distributed DB                                                    
    ====================================================                                                                          
                                                                                                                                  
TABLE_NAME                                                                                                                        
=============================                                                                                                     
DBA_AQ_AGENT_PRIVS                                                                                                                
DBA_COL_PRIVS                                                                                                                     
DBA_ROLE_PRIVS                                                                                                                    
DBA_RSRC_CONSUMER_GROUP_PRIVS                                                                                                     
DBA_RSRC_MANAGER_SYSTEM_PRIVS                                                                                                     
DBA_SYS_PRIVS                                                                                                                     
DBA_TAB_PRIVS                                                                                                                     
ALL_COL_PRIVS                                                                                                                     
ALL_COL_PRIVS_MADE                                                                                                                
ALL_COL_PRIVS_RECD                                                                                                                
ALL_TAB_PRIVS                                                                                                                     
ALL_TAB_PRIVS_MADE                                                                                                                
ALL_TAB_PRIVS_RECD                                                                                                                
USER_AQ_AGENT_PRIVS                                                                                                               
USER_COL_PRIVS                                                                                                                    
USER_COL_PRIVS_MADE                                                                                                               
USER_COL_PRIVS_RECD                                                                                                               
USER_ROLE_PRIVS                                                                                                                   
USER_RSRC_CONSUMER_GROUP_PRIV                                                                                                     
S                                                                                                                                 
                                                                                                                                  
USER_RSRC_MANAGER_SYSTEM_PRIV                                                                                                     
S                                                                                                                                 
                                                                                                                                  
USER_SYS_PRIVS                                                                                                                    
USER_TAB_PRIVS                                                                                                                    
USER_TAB_PRIVS_MADE                                                                                                               
USER_TAB_PRIVS_RECD                                                                                                               
ROLE_ROLE_PRIVS                                                                                                                   
ROLE_SYS_PRIVS                                                                                                                    
ROLE_TAB_PRIVS                                                                                                                    
SESSION_PRIVS                                                                                                                     
V$ENABLEDPRIVS                                                                                                                    
GV$ENABLEDPRIVS                                                                                                                   

30 rows selected.

SQL> 
SQL> SELECT TABLE_NAME FROM DICT
  2  WHERE TABLE_NAME LIKE '%ROLE%';

                           ===>  E  S  C  O  M                                                                                    
                           ====================                                                                                   
Ejercicios Clase           ====================                 Distributed DB                                                    
    ====================================================                                                                          
                                                                                                                                  
TABLE_NAME                                                                                                                        
=============================                                                                                                     
DBA_CONNECT_ROLE_GRANTEES                                                                                                         
DBA_ROLES                                                                                                                         
DBA_ROLE_PRIVS                                                                                                                    
DBA_SCHEDULER_JOB_ROLES                                                                                                           
USER_ROLE_PRIVS                                                                                                                   
ROLE_ROLE_PRIVS                                                                                                                   
ROLE_SYS_PRIVS                                                                                                                    
ROLE_TAB_PRIVS                                                                                                                    
SESSION_ROLES                                                                                                                     

9 rows selected.

SQL> select * from dba_sys_privs
  2  where grantee = 'SERGIONAVA';

                           ===>  E  S  C  O  M                                                                                    
                           ====================                                                                                   
Ejercicios Clase           ====================                 Distributed DB                                                    
    ====================================================                                                                          
                                                                                                                                  
GRANTEE       |=|PRIVILEGE    |=|ADMIN_                                                                                           
==============|=|=============|=|======                                                                                           
SERGIONAVA    |=|UNLIMITED TAB|=|NO                                                                                               
              |=|LESPACE      |=|                                                                                                 
                                                                                                                                  
SERGIONAVA    |=|CREATE VIEW  |=|NO                                                                                               

2 rows selected.

SQL> spool F:\DATABASEDISTRIBUIDET\ejercicios\clase40\con_val_desc.txt
